Archive member included to satisfy reference by file (symbol)

/opt/st/stm32cubeclt_1.15.1/GNU-tools-for-STM32/bin/../lib/gcc/arm-none-eabi/12.3.1/../../../../arm-none-eabi/lib/thumb/v7e-m+fp/hard/libc_nano.a(libc_a-exit.o)
                              /opt/st/stm32cubeclt_1.15.1/GNU-tools-for-STM32/bin/../lib/gcc/arm-none-eabi/12.3.1/../../../../arm-none-eabi/lib/thumb/v7e-m+fp/hard/crt0.o (exit)
/opt/st/stm32cubeclt_1.15.1/GNU-tools-for-STM32/bin/../lib/gcc/arm-none-eabi/12.3.1/../../../../arm-none-eabi/lib/thumb/v7e-m+fp/hard/libc_nano.a(libc_a-findfp.o)
                              /opt/st/stm32cubeclt_1.15.1/GNU-tools-for-STM32/bin/../lib/gcc/arm-none-eabi/12.3.1/../../../../arm-none-eabi/lib/thumb/v7e-m+fp/hard/libc_nano.a(libc_a-exit.o) (__stdio_exit_handler)
/opt/st/stm32cubeclt_1.15.1/GNU-tools-for-STM32/bin/../lib/gcc/arm-none-eabi/12.3.1/../../../../arm-none-eabi/lib/thumb/v7e-m+fp/hard/libc_nano.a(libc_a-fwalk.o)
                              /opt/st/stm32cubeclt_1.15.1/GNU-tools-for-STM32/bin/../lib/gcc/arm-none-eabi/12.3.1/../../../../arm-none-eabi/lib/thumb/v7e-m+fp/hard/libc_nano.a(libc_a-findfp.o) (_fwalk_sglue)
/opt/st/stm32cubeclt_1.15.1/GNU-tools-for-STM32/bin/../lib/gcc/arm-none-eabi/12.3.1/../../../../arm-none-eabi/lib/thumb/v7e-m+fp/hard/libc_nano.a(libc_a-stdio.o)
                              /opt/st/stm32cubeclt_1.15.1/GNU-tools-for-STM32/bin/../lib/gcc/arm-none-eabi/12.3.1/../../../../arm-none-eabi/lib/thumb/v7e-m+fp/hard/libc_nano.a(libc_a-findfp.o) (__sread)
/opt/st/stm32cubeclt_1.15.1/GNU-tools-for-STM32/bin/../lib/gcc/arm-none-eabi/12.3.1/../../../../arm-none-eabi/lib/thumb/v7e-m+fp/hard/libc_nano.a(libc_a-memset.o)
                              /opt/st/stm32cubeclt_1.15.1/GNU-tools-for-STM32/bin/../lib/gcc/arm-none-eabi/12.3.1/../../../../arm-none-eabi/lib/thumb/v7e-m+fp/hard/crt0.o (memset)
/opt/st/stm32cubeclt_1.15.1/GNU-tools-for-STM32/bin/../lib/gcc/arm-none-eabi/12.3.1/../../../../arm-none-eabi/lib/thumb/v7e-m+fp/hard/libc_nano.a(libc_a-closer.o)
                              /opt/st/stm32cubeclt_1.15.1/GNU-tools-for-STM32/bin/../lib/gcc/arm-none-eabi/12.3.1/../../../../arm-none-eabi/lib/thumb/v7e-m+fp/hard/libc_nano.a(libc_a-stdio.o) (_close_r)
/opt/st/stm32cubeclt_1.15.1/GNU-tools-for-STM32/bin/../lib/gcc/arm-none-eabi/12.3.1/../../../../arm-none-eabi/lib/thumb/v7e-m+fp/hard/libc_nano.a(libc_a-reent.o)
                              /opt/st/stm32cubeclt_1.15.1/GNU-tools-for-STM32/bin/../lib/gcc/arm-none-eabi/12.3.1/../../../../arm-none-eabi/lib/thumb/v7e-m+fp/hard/libc_nano.a(libc_a-closer.o) (errno)
/opt/st/stm32cubeclt_1.15.1/GNU-tools-for-STM32/bin/../lib/gcc/arm-none-eabi/12.3.1/../../../../arm-none-eabi/lib/thumb/v7e-m+fp/hard/libc_nano.a(libc_a-impure.o)
                              /opt/st/stm32cubeclt_1.15.1/GNU-tools-for-STM32/bin/../lib/gcc/arm-none-eabi/12.3.1/../../../../arm-none-eabi/lib/thumb/v7e-m+fp/hard/libc_nano.a(libc_a-reent.o) (_impure_ptr)
/opt/st/stm32cubeclt_1.15.1/GNU-tools-for-STM32/bin/../lib/gcc/arm-none-eabi/12.3.1/../../../../arm-none-eabi/lib/thumb/v7e-m+fp/hard/libc_nano.a(libc_a-lseekr.o)
                              /opt/st/stm32cubeclt_1.15.1/GNU-tools-for-STM32/bin/../lib/gcc/arm-none-eabi/12.3.1/../../../../arm-none-eabi/lib/thumb/v7e-m+fp/hard/libc_nano.a(libc_a-stdio.o) (_lseek_r)
/opt/st/stm32cubeclt_1.15.1/GNU-tools-for-STM32/bin/../lib/gcc/arm-none-eabi/12.3.1/../../../../arm-none-eabi/lib/thumb/v7e-m+fp/hard/libc_nano.a(libc_a-readr.o)
                              /opt/st/stm32cubeclt_1.15.1/GNU-tools-for-STM32/bin/../lib/gcc/arm-none-eabi/12.3.1/../../../../arm-none-eabi/lib/thumb/v7e-m+fp/hard/libc_nano.a(libc_a-stdio.o) (_read_r)
/opt/st/stm32cubeclt_1.15.1/GNU-tools-for-STM32/bin/../lib/gcc/arm-none-eabi/12.3.1/../../../../arm-none-eabi/lib/thumb/v7e-m+fp/hard/libc_nano.a(libc_a-writer.o)
                              /opt/st/stm32cubeclt_1.15.1/GNU-tools-for-STM32/bin/../lib/gcc/arm-none-eabi/12.3.1/../../../../arm-none-eabi/lib/thumb/v7e-m+fp/hard/libc_nano.a(libc_a-stdio.o) (_write_r)
/opt/st/stm32cubeclt_1.15.1/GNU-tools-for-STM32/bin/../lib/gcc/arm-none-eabi/12.3.1/../../../../arm-none-eabi/lib/thumb/v7e-m+fp/hard/libc_nano.a(libc_a-init.o)
                              /opt/st/stm32cubeclt_1.15.1/GNU-tools-for-STM32/bin/../lib/gcc/arm-none-eabi/12.3.1/../../../../arm-none-eabi/lib/thumb/v7e-m+fp/hard/crt0.o (__libc_init_array)
/opt/st/stm32cubeclt_1.15.1/GNU-tools-for-STM32/bin/../lib/gcc/arm-none-eabi/12.3.1/../../../../arm-none-eabi/lib/thumb/v7e-m+fp/hard/libc_nano.a(libc_a-lock.o)
                              /opt/st/stm32cubeclt_1.15.1/GNU-tools-for-STM32/bin/../lib/gcc/arm-none-eabi/12.3.1/../../../../arm-none-eabi/lib/thumb/v7e-m+fp/hard/libc_nano.a(libc_a-findfp.o) (__retarget_lock_init_recursive)
/opt/st/stm32cubeclt_1.15.1/GNU-tools-for-STM32/bin/../lib/gcc/arm-none-eabi/12.3.1/../../../../arm-none-eabi/lib/thumb/v7e-m+fp/hard/libc_nano.a(libc_a-freer.o)
[...]
Memory Configuration

Name             Origin             Length             Attributes
RAM              0x20000000         0x00003000         xrw
CCMRAM           0x10000000         0x00001000         xrw
FLASH            0x08000000         0x00010000         xr
*default*        0x00000000         0xffffffff

Linker script and memory map

LOAD /opt/st/stm32cubeclt_1.15.1/GNU-tools-for-STM32/bin/../lib/gcc/arm-none-eabi/12.3.1/thumb/v7e-m+fp/hard/crti.o
LOAD /opt/st/stm32cubeclt_1.15.1/GNU-tools-for-STM32/bin/../lib/gcc/arm-none-eabi/12.3.1/thumb/v7e-m+fp/hard/crtbegin.o
LOAD /opt/st/stm32cubeclt_1.15.1/GNU-tools-for-STM32/bin/../lib/gcc/arm-none-eabi/12.3.1/../../../../arm-none-eabi/lib/thumb/v7e-m+fp/hard/crt0.o
START GROUP
LOAD /opt/st/stm32cubeclt_1.15.1/GNU-tools-for-STM32/bin/../lib/gcc/arm-none-eabi/12.3.1/../../../../arm-none-eabi/lib/thumb/v7e-m+fp/hard/libc_nano.a
LOAD /opt/st/stm32cubeclt_1.15.1/GNU-tools-for-STM32/bin/../lib/gcc/arm-none-eabi/12.3.1/../../../../arm-none-eabi/lib/thumb/v7e-m+fp/hard/libm.a
END GROUP
LOAD CMakeFiles/CANLED1.dir/Core/Src/main.c.obj
LOAD CMakeFiles/CANLED1.dir/Core/Src/gpio.c.obj
LOAD CMakeFiles/CANLED1.dir/Core/Src/can.c.obj
LOAD CMakeFiles/CANLED1.dir/Core/Src/dma.c.obj
LOAD CMakeFiles/CANLED1.dir/Core/Src/tim.c.obj
LOAD CMakeFiles/CANLED1.dir/Core/Src/usart.c.obj
LOAD CMakeFiles/CANLED1.dir/Core/Src/stm32f3xx_it.c.obj
LOAD CMakeFiles/CANLED1.dir/Core/Src/stm32f3xx_hal_msp.c.obj
LOAD CMakeFiles/CANLED1.dir/Drivers/STM32F3xx_HAL_Driver/Src/stm32f3xx_hal_can.c.obj
LOAD CMakeFiles/CANLED1.dir/Drivers/STM32F3xx_HAL_Driver/Src/stm32f3xx_hal.c.obj
LOAD CMakeFiles/CANLED1.dir/Drivers/STM32F3xx_HAL_Driver/Src/stm32f3xx_hal_rcc.c.obj
LOAD CMakeFiles/CANLED1.dir/Drivers/STM32F3xx_HAL_Driver/Src/stm32f3xx_hal_rcc_ex.c.obj
LOAD CMakeFiles/CANLED1.dir/Drivers/STM32F3xx_HAL_Driver/Src/stm32f3xx_hal_gpio.c.obj
LOAD CMakeFiles/CANLED1.dir/Drivers/STM32F3xx_HAL_Driver/Src/stm32f3xx_hal_dma.c.obj
LOAD CMakeFiles/CANLED1.dir/Drivers/STM32F3xx_HAL_Driver/Src/stm32f3xx_hal_cortex.c.obj
LOAD CMakeFiles/CANLED1.dir/Drivers/STM32F3xx_HAL_Driver/Src/stm32f3xx_hal_pwr.c.obj
LOAD CMakeFiles/CANLED1.dir/Drivers/STM32F3xx_HAL_Driver/Src/stm32f3xx_hal_pwr_ex.c.obj
LOAD CMakeFiles/CANLED1.dir/Drivers/STM32F3xx_HAL_Driver/Src/stm32f3xx_hal_flash.c.obj
LOAD CMakeFiles/CANLED1.dir/Drivers/STM32F3xx_HAL_Driver/Src/stm32f3xx_hal_flash_ex.c.obj
LOAD CMakeFiles/CANLED1.dir/Drivers/STM32F3xx_HAL_Driver/Src/stm32f3xx_hal_i2c.c.obj
LOAD CMakeFiles/CANLED1.dir/Drivers/STM32F3xx_HAL_Driver/Src/stm32f3xx_hal_i2c_ex.c.obj
LOAD CMakeFiles/CANLED1.dir/Drivers/STM32F3xx_HAL_Driver/Src/stm32f3xx_hal_exti.c.obj
LOAD CMakeFiles/CANLED1.dir/Drivers/STM32F3xx_HAL_Driver/Src/stm32f3xx_hal_tim.c.obj
LOAD CMakeFiles/CANLED1.dir/Drivers/STM32F3xx_HAL_Driver/Src/stm32f3xx_hal_tim_ex.c.obj
LOAD CMakeFiles/CANLED1.dir/Drivers/STM32F3xx_HAL_Driver/Src/stm32f3xx_hal_uart.c.obj
LOAD CMakeFiles/CANLED1.dir/Drivers/STM32F3xx_HAL_Driver/Src/stm32f3xx_hal_uart_ex.c.obj
LOAD CMakeFiles/CANLED1.dir/Core/Src/system_stm32f3xx.c.obj
LOAD CMakeFiles/CANLED1.dir/Core/Src/sysmem.c.obj
LOAD CMakeFiles/CANLED1.dir/Core/Src/syscalls.c.obj
LOAD CMakeFiles/CANLED1.dir/startup_stm32f303x8.s.obj
START GROUP
LOAD /opt/st/stm32cubeclt_1.15.1/GNU-tools-for-STM32/bin/../lib/gcc/arm-none-eabi/12.3.1/thumb/v7e-m+fp/hard/libgcc.a
LOAD /opt/st/stm32cubeclt_1.15.1/GNU-tools-for-STM32/bin/../lib/gcc/arm-none-eabi/12.3.1/../../../../arm-none-eabi/lib/thumb/v7e-m+fp/hard/libg_nano.a
LOAD /opt/st/stm32cubeclt_1.15.1/GNU-tools-for-STM32/bin/../lib/gcc/arm-none-eabi/12.3.1/../../../../arm-none-eabi/lib/thumb/v7e-m+fp/hard/libc_nano.a
END GROUP
START GROUP
LOAD /opt/st/stm32cubeclt_1.15.1/GNU-tools-for-STM32/bin/../lib/gcc/arm-none-eabi/12.3.1/thumb/v7e-m+fp/hard/libgcc.a
LOAD /opt/st/stm32cubeclt_1.15.1/GNU-tools-for-STM32/bin/../lib/gcc/arm-none-eabi/12.3.1/../../../../arm-none-eabi/lib/thumb/v7e-m+fp/hard/libc_nano.a
END GROUP
LOAD /opt/st/stm32cubeclt_1.15.1/GNU-tools-for-STM32/bin/../lib/gcc/arm-none-eabi/12.3.1/thumb/v7e-m+fp/hard/crtend.o
LOAD /opt/st/stm32cubeclt_1.15.1/GNU-tools-for-STM32/bin/../lib/gcc/arm-none-eabi/12.3.1/thumb/v7e-m+fp/hard/crtn.o
                0x20003000                        _estack = (ORIGIN (RAM) + LENGTH (RAM))
                0x00000200                        _Min_Heap_Size = 0x200
                0x00000400                        _Min_Stack_Size = 0x400

.isr_vector     0x08000000      0x188
                0x08000000                        . = ALIGN (0x4)
 *(.isr_vector)
 .isr_vector    0x08000000      0x188 CMakeFiles/CANLED1.dir/startup_stm32f303x8.s.obj
                0x08000000                g_pfnVectors
                0x08000188                        . = ALIGN (0x4)

.text           0x08000188     0x508c
                0x08000188                        . = ALIGN (0x4)
 *(.text)
 .text          0x08000188       0x40 /opt/st/stm32cubeclt_1.15.1/GNU-tools-for-STM32/bin/../lib/gcc/arm-none-eabi/12.3.1/thumb/v7e-m+fp/hard/crtbegin.o
 *(.text*)
 .text.memset   0x080001c8       0x10 /opt/st/stm32cubeclt_1.15.1/GNU-tools-for-STM32/bin/../lib/gcc/arm-none-eabi/12.3.1/../../../../arm-none-eabi/lib/thumb/v7e-m+fp/hard/libc_nano.a(libc_a-memset.o)
                0x080001c8                memset
 .text.__libc_init_array
                0x080001d8       0x48 /opt/st/stm32cubeclt_1.15.1/GNU-tools-for-STM32/bin/../lib/gcc/arm-none-eabi/12.3.1/../../../../arm-none-eabi/lib/thumb/v7e-m+fp/hard/libc_nano.a(libc_a-init.o)
                0x080001d8                __libc_init_array
 .text.__retarget_lock_acquire_recursive
                0x08000220        0x2 /opt/st/stm32cubeclt_1.15.1/GNU-tools-for-STM32/bin/../lib/gcc/arm-none-eabi/12.3.1/../../../../arm-none-eabi/lib/thumb/v7e-m+fp/hard/libc_nano.a(libc_a-lock.o)
                0x08000220                __retarget_lock_acquire_recursive
 .text.__retarget_lock_release_recursive
                0x08000222        0x2 /opt/st/stm32cubeclt_1.15.1/GNU-tools-for-STM32/bin/../lib/gcc/arm-none-eabi/12.3.1/../../../../arm-none-eabi/lib/thumb/v7e-m+fp/hard/libc_nano.a(libc_a-lock.o)
                0x08000222                __retarget_lock_release_recursive
 .text.sbrk_aligned
                0x08000224       0x44 /opt/st/stm32cubeclt_1.15.1/GNU-tools-for-STM32/bin/../lib/gcc/arm-none-eabi/12.3.1/../../../../arm-none-eabi/lib/thumb/v7e-m+fp/hard/libc_nano.a(libc_a-mallocr.o)
 .text._malloc_r
                0x08000268      0x100 /opt/st/stm32cubeclt_1.15.1/GNU-tools-for-STM32/bin/../lib/gcc/arm-none-eabi/12.3.1/../../../../arm-none-eabi/lib/thumb/v7e-m+fp/hard/libc_nano.a(libc_a-mallocr.o)
                0x08000268                _malloc_r
 .text.__malloc_lock
                0x08000368        0xc /opt/st/stm32cubeclt_1.15.1/GNU-tools-for-STM32/bin/../lib/gcc/arm-none-eabi/12.3.1/../../../../arm-none-eabi/lib/thumb/v7e-m+fp/hard/libc_nano.a(libc_a-mlock.o)
                0x08000368                __malloc_lock
 .text.__malloc_unlock
                0x08000374        0xc /opt/st/stm32cubeclt_1.15.1/GNU-tools-for-STM32/bin/../lib/gcc/arm-none-eabi/12.3.1/../../../../arm-none-eabi/lib/thumb/v7e-m+fp/hard/libc_nano.a(libc_a-mlock.o)
                0x08000374                __malloc_unlock
 .text._sbrk_r  0x08000380       0x20 /opt/st/stm32cubeclt_1.15.1/GNU-tools-for-STM32/bin/../lib/gcc/arm-none-eabi/12.3.1/../../../../arm-none-eabi/lib/thumb/v7e-m+fp/hard/libc_nano.a(libc_a-sbrkr.o)
                0x08000380                _sbrk_r
 .text.main     0x080003a0      0x188 CMakeFiles/CANLED1.dir/Core/Src/main.c.obj
                0x080003a0                main
 .text.SystemClock_Config
                0x08000528       0xb6 CMakeFiles/CANLED1.dir/Core/Src/main.c.obj
                0x08000528                SystemClock_Config
 *fill*         0x080005de        0x2 
 .text.HAL_TIM_PWM_PulseFinishedCallback
                0x080005e0       0x28 CMakeFiles/CANLED1.dir/Core/Src/main.c.obj
                0x080005e0                HAL_TIM_PWM_PulseFinishedCallback
 .text.SetLED   0x08000608       0x6a CMakeFiles/CANLED1.dir/Core/Src/main.c.obj
                0x08000608                SetLED
 *fill*         0x08000672        0x2 
 .text.UpdateLEDs
                0x08000674      0x118 CMakeFiles/CANLED1.dir/Core/Src/main.c.obj
                0x08000674                UpdateLEDs
 .text.Error_Handler
                0x0800078c        0xc CMakeFiles/CANLED1.dir/Core/Src/main.c.obj
                0x0800078c                Error_Handler
 .text.MX_GPIO_Init
                0x08000798       0x94 CMakeFiles/CANLED1.dir/Core/Src/gpio.c.obj
                0x08000798                MX_GPIO_Init
 .text.MX_CAN_Init
                0x0800082c       0xac CMakeFiles/CANLED1.dir/Core/Src/can.c.obj
                0x0800082c                MX_CAN_Init
 .text.HAL_CAN_MspInit
                0x080008d8       0xac CMakeFiles/CANLED1.dir/Core/Src/can.c.obj
                0x080008d8                HAL_CAN_MspInit
 .text.MX_DMA_Init
                0x08000984       0x4c CMakeFiles/CANLED1.dir/Core/Src/dma.c.obj
                0x08000984                MX_DMA_Init
 .text.MX_TIM1_Init
                0x080009d0      0x11c CMakeFiles/CANLED1.dir/Core/Src/tim.c.obj
                0x080009d0                MX_TIM1_Init
 .text.MX_TIM2_Init
                0x08000aec       0xb0 CMakeFiles/CANLED1.dir/Core/Src/tim.c.obj
                0x08000aec                MX_TIM2_Init
 .text.HAL_TIM_PWM_MspInit
                0x08000b9c      0x110 CMakeFiles/CANLED1.dir/Core/Src/tim.c.obj
                0x08000b9c                HAL_TIM_PWM_MspInit
 .text.HAL_TIM_MspPostInit
                0x08000cac       0xb4 CMakeFiles/CANLED1.dir/Core/Src/tim.c.obj
                0x08000cac                HAL_TIM_MspPostInit
 .text.MX_USART1_UART_Init
                0x08000d60       0x60 CMakeFiles/CANLED1.dir/Core/Src/usart.c.obj
                0x08000d60                MX_USART1_UART_Init
 .text.MX_USART2_UART_Init
                0x08000dc0       0x60 CMakeFiles/CANLED1.dir/Core/Src/usart.c.obj
                0x08000dc0                MX_USART2_UART_Init
 .text.HAL_UART_MspInit
                0x08000e20       0xec CMakeFiles/CANLED1.dir/Core/Src/usart.c.obj
                0x08000e20                HAL_UART_MspInit
 .text.NMI_Handler
                0x08000f0c        0x8 CMakeFiles/CANLED1.dir/Core/Src/stm32f3xx_it.c.obj
                0x08000f0c                NMI_Handler
 .text.HardFault_Handler
                0x08000f14        0x8 CMakeFiles/CANLED1.dir/Core/Src/stm32f3xx_it.c.obj
                0x08000f14                HardFault_Handler
 .text.MemManage_Handler
                0x08000f1c        0x8 CMakeFiles/CANLED1.dir/Core/Src/stm32f3xx_it.c.obj
                0x08000f1c                MemManage_Handler
 .text.BusFault_Handler
                0x08000f24        0x8 CMakeFiles/CANLED1.dir/Core/Src/stm32f3xx_it.c.obj
                0x08000f24                BusFault_Handler
 .text.UsageFault_Handler
                0x08000f2c        0x8 CMakeFiles/CANLED1.dir/Core/Src/stm32f3xx_it.c.obj
                0x08000f2c                UsageFault_Handler
 .text.SVC_Handler
                0x08000f34        0xe CMakeFiles/CANLED1.dir/Core/Src/stm32f3xx_it.c.obj
                0x08000f34                SVC_Handler
 .text.DebugMon_Handler
                0x08000f42        0xe CMakeFiles/CANLED1.dir/Core/Src/stm32f3xx_it.c.obj
                0x08000f42                DebugMon_Handler
 .text.PendSV_Handler
                0x08000f50        0xe CMakeFiles/CANLED1.dir/Core/Src/stm32f3xx_it.c.obj
                0x08000f50                PendSV_Handler
 .text.SysTick_Handler
                0x08000f5e        0xc CMakeFiles/CANLED1.dir/Core/Src/stm32f3xx_it.c.obj
                0x08000f5e                SysTick_Handler
 *fill*         0x08000f6a        0x2 
 .text.DMA1_Channel2_IRQHandler
                0x08000f6c       0x14 CMakeFiles/CANLED1.dir/Core/Src/stm32f3xx_it.c.obj
                0x08000f6c                DMA1_Channel2_IRQHandler
 .text.DMA1_Channel5_IRQHandler
                0x08000f80       0x14 CMakeFiles/CANLED1.dir/Core/Src/stm32f3xx_it.c.obj
                0x08000f80                DMA1_Channel5_IRQHandler
 .text.HAL_MspInit
                0x08000f94       0x48 CMakeFiles/CANLED1.dir/Core/Src/stm32f3xx_hal_msp.c.obj
                0x08000f94                HAL_MspInit
 .text.HAL_CAN_Init
                0x08000fdc      0x1f6 CMakeFiles/CANLED1.dir/Drivers/STM32F3xx_HAL_Driver/Src/stm32f3xx_hal_can.c.obj
                0x08000fdc                HAL_CAN_Init
 .text.HAL_CAN_ConfigFilter
                0x080011d2      0x194 CMakeFiles/CANLED1.dir/Drivers/STM32F3xx_HAL_Driver/Src/stm32f3xx_hal_can.c.obj
                0x080011d2                HAL_CAN_ConfigFilter
 .text.HAL_CAN_Start
                0x08001366       0x88 CMakeFiles/CANLED1.dir/Drivers/STM32F3xx_HAL_Driver/Src/stm32f3xx_hal_can.c.obj
                0x08001366                HAL_CAN_Start
 .text.HAL_CAN_AddTxMessage
                0x080013ee      0x1a0 CMakeFiles/CANLED1.dir/Drivers/STM32F3xx_HAL_Driver/Src/stm32f3xx_hal_can.c.obj
                0x080013ee                HAL_CAN_AddTxMessage
 *fill*         0x0800158e        0x2 
 .text.HAL_Init
                0x08001590       0x2c CMakeFiles/CANLED1.dir/Drivers/STM32F3xx_HAL_Driver/Src/stm32f3xx_hal.c.obj
                0x08001590                HAL_Init
 .text.HAL_InitTick
                0x080015bc       0x60 CMakeFiles/CANLED1.dir/Drivers/STM32F3xx_HAL_Driver/Src/stm32f3xx_hal.c.obj
                0x080015bc                HAL_InitTick
 .text.HAL_IncTick
                0x0800161c       0x28 CMakeFiles/CANLED1.dir/Drivers/STM32F3xx_HAL_Driver/Src/stm32f3xx_hal.c.obj
                0x0800161c                HAL_IncTick
 .text.HAL_GetTick
                0x08001644       0x18 CMakeFiles/CANLED1.dir/Drivers/STM32F3xx_HAL_Driver/Src/stm32f3xx_hal.c.obj
                0x08001644                HAL_GetTick
 .text.HAL_Delay
                0x0800165c       0x48 CMakeFiles/CANLED1.dir/Drivers/STM32F3xx_HAL_Driver/Src/stm32f3xx_hal.c.obj
                0x0800165c                HAL_Delay
 .text.HAL_RCC_OscConfig
                0x080016a4     0x107c CMakeFiles/CANLED1.dir/Drivers/STM32F3xx_HAL_Driver/Src/stm32f3xx_hal_rcc.c.obj
                0x080016a4                HAL_RCC_OscConfig
 .text.HAL_RCC_ClockConfig
                0x08002720      0x2f8 CMakeFiles/CANLED1.dir/Drivers/STM32F3xx_HAL_Driver/Src/stm32f3xx_hal_rcc.c.obj
                0x08002720                HAL_RCC_ClockConfig
 .text.HAL_RCC_GetSysClockFreq
                0x08002a18       0xa8 CMakeFiles/CANLED1.dir/Drivers/STM32F3xx_HAL_Driver/Src/stm32f3xx_hal_rcc.c.obj
                0x08002a18                HAL_RCC_GetSysClockFreq
 .text.HAL_RCC_GetHCLKFreq
                0x08002ac0       0x18 CMakeFiles/CANLED1.dir/Drivers/STM32F3xx_HAL_Driver/Src/stm32f3xx_hal_rcc.c.obj
                0x08002ac0                HAL_RCC_GetHCLKFreq
 .text.HAL_RCC_GetPCLK1Freq
                0x08002ad8       0x44 CMakeFiles/CANLED1.dir/Drivers/STM32F3xx_HAL_Driver/Src/stm32f3xx_hal_rcc.c.obj
                0x08002ad8                HAL_RCC_GetPCLK1Freq
 .text.HAL_RCC_GetPCLK2Freq
                0x08002b1c       0x44 CMakeFiles/CANLED1.dir/Drivers/STM32F3xx_HAL_Driver/Src/stm32f3xx_hal_rcc.c.obj
                0x08002b1c                HAL_RCC_GetPCLK2Freq
 .text.HAL_RCCEx_PeriphCLKConfig
                0x08002b60      0x24c CMakeFiles/CANLED1.dir/Drivers/STM32F3xx_HAL_Driver/Src/stm32f3xx_hal_rcc_ex.c.obj
                0x08002b60                HAL_RCCEx_PeriphCLKConfig
 .text.HAL_GPIO_Init
                0x08002dac      0x2e4 CMakeFiles/CANLED1.dir/Drivers/STM32F3xx_HAL_Driver/Src/stm32f3xx_hal_gpio.c.obj
                0x08002dac                HAL_GPIO_Init
 .text.HAL_GPIO_WritePin
                0x08003090       0x30 CMakeFiles/CANLED1.dir/Drivers/STM32F3xx_HAL_Driver/Src/stm32f3xx_hal_gpio.c.obj
                0x08003090                HAL_GPIO_WritePin
 .text.HAL_GPIO_TogglePin
                0x080030c0       0x34 CMakeFiles/CANLED1.dir/Drivers/STM32F3xx_HAL_Driver/Src/stm32f3xx_hal_gpio.c.obj
                0x080030c0                HAL_GPIO_TogglePin
 .text.HAL_DMA_Init
                0x080030f4       0x8e CMakeFiles/CANLED1.dir/Drivers/STM32F3xx_HAL_Driver/Src/stm32f3xx_hal_dma.c.obj
                0x080030f4                HAL_DMA_Init
 .text.HAL_DMA_Start_IT
                0x08003182       0xbe CMakeFiles/CANLED1.dir/Drivers/STM32F3xx_HAL_Driver/Src/stm32f3xx_hal_dma.c.obj
                0x08003182                HAL_DMA_Start_IT
 .text.HAL_DMA_Abort_IT
                0x08003240       0x7c CMakeFiles/CANLED1.dir/Drivers/STM32F3xx_HAL_Driver/Src/stm32f3xx_hal_dma.c.obj
                0x08003240                HAL_DMA_Abort_IT
 .text.HAL_DMA_IRQHandler
                0x080032bc      0x146 CMakeFiles/CANLED1.dir/Drivers/STM32F3xx_HAL_Driver/Src/stm32f3xx_hal_dma.c.obj
                0x080032bc                HAL_DMA_IRQHandler
 .text.DMA_SetConfig
                0x08003402       0x5c CMakeFiles/CANLED1.dir/Drivers/STM32F3xx_HAL_Driver/Src/stm32f3xx_hal_dma.c.obj
 *fill*         0x0800345e        0x2 
 .text.DMA_CalcBaseAndBitshift
                0x08003460       0x40 CMakeFiles/CANLED1.dir/Drivers/STM32F3xx_HAL_Driver/Src/stm32f3xx_hal_dma.c.obj
 .text.__NVIC_SetPriorityGrouping
                0x080034a0       0x48 CMakeFiles/CANLED1.dir/Drivers/STM32F3xx_HAL_Driver/Src/stm32f3xx_hal_cortex.c.obj
 .text.__NVIC_GetPriorityGrouping
                0x080034e8       0x1c CMakeFiles/CANLED1.dir/Drivers/STM32F3xx_HAL_Driver/Src/stm32f3xx_hal_cortex.c.obj
 .text.__NVIC_EnableIRQ
                0x08003504       0x3c CMakeFiles/CANLED1.dir/Drivers/STM32F3xx_HAL_Driver/Src/stm32f3xx_hal_cortex.c.obj
 .text.__NVIC_SetPriority
                0x08003540       0x54 CMakeFiles/CANLED1.dir/Drivers/STM32F3xx_HAL_Driver/Src/stm32f3xx_hal_cortex.c.obj
 .text.NVIC_EncodePriority
                0x08003594       0x66 CMakeFiles/CANLED1.dir/Drivers/STM32F3xx_HAL_Driver/Src/stm32f3xx_hal_cortex.c.obj
 *fill*         0x080035fa        0x2 
 .text.SysTick_Config
                0x080035fc       0x44 CMakeFiles/CANLED1.dir/Drivers/STM32F3xx_HAL_Driver/Src/stm32f3xx_hal_cortex.c.obj
 .text.HAL_NVIC_SetPriorityGrouping
                0x08003640       0x16 CMakeFiles/CANLED1.dir/Drivers/STM32F3xx_HAL_Driver/Src/stm32f3xx_hal_cortex.c.obj
                0x08003640                HAL_NVIC_SetPriorityGrouping
 .text.HAL_NVIC_SetPriority
                0x08003656       0x38 CMakeFiles/CANLED1.dir/Drivers/STM32F3xx_HAL_Driver/Src/stm32f3xx_hal_cortex.c.obj
                0x08003656                HAL_NVIC_SetPriority
 .text.HAL_NVIC_EnableIRQ
                0x0800368e       0x1c CMakeFiles/CANLED1.dir/Drivers/STM32F3xx_HAL_Driver/Src/stm32f3xx_hal_cortex.c.obj
                0x0800368e                HAL_NVIC_EnableIRQ
 .text.HAL_SYSTICK_Config
                0x080036aa       0x18 CMakeFiles/CANLED1.dir/Drivers/STM32F3xx_HAL_Driver/Src/stm32f3xx_hal_cortex.c.obj
                0x080036aa                HAL_SYSTICK_Config
 .text.HAL_TIM_PWM_Init
                0x080036c2       0xae CMakeFiles/CANLED1.dir/Drivers/STM32F3xx_HAL_Driver/Src/stm32f3xx_hal_tim.c.obj
                0x080036c2                HAL_TIM_PWM_Init
 .text.HAL_TIM_PWM_Start_DMA
                0x08003770      0x40c CMakeFiles/CANLED1.dir/Drivers/STM32F3xx_HAL_Driver/Src/stm32f3xx_hal_tim.c.obj
                0x08003770                HAL_TIM_PWM_Start_DMA
 .text.HAL_TIM_PWM_Stop_DMA
                0x08003b7c      0x1e0 CMakeFiles/CANLED1.dir/Drivers/STM32F3xx_HAL_Driver/Src/stm32f3xx_hal_tim.c.obj
                0x08003b7c                HAL_TIM_PWM_Stop_DMA
 .text.HAL_TIM_PWM_ConfigChannel
                0x08003d5c      0x228 CMakeFiles/CANLED1.dir/Drivers/STM32F3xx_HAL_Driver/Src/stm32f3xx_hal_tim.c.obj
                0x08003d5c                HAL_TIM_PWM_ConfigChannel
 .text.HAL_TIM_PWM_PulseFinishedHalfCpltCallback
                0x08003f84       0x14 CMakeFiles/CANLED1.dir/Drivers/STM32F3xx_HAL_Driver/Src/stm32f3xx_hal_tim.c.obj
                0x08003f84                HAL_TIM_PWM_PulseFinishedHalfCpltCallback
 .text.HAL_TIM_ErrorCallback
                0x08003f98       0x14 CMakeFiles/CANLED1.dir/Drivers/STM32F3xx_HAL_Driver/Src/stm32f3xx_hal_tim.c.obj
                0x08003f98                HAL_TIM_ErrorCallback
 .text.TIM_DMAError
                0x08003fac       0x92 CMakeFiles/CANLED1.dir/Drivers/STM32F3xx_HAL_Driver/Src/stm32f3xx_hal_tim.c.obj
                0x08003fac                TIM_DMAError
 .text.TIM_DMADelayPulseCplt
                0x0800403e       0xa8 CMakeFiles/CANLED1.dir/Drivers/STM32F3xx_HAL_Driver/Src/stm32f3xx_hal_tim.c.obj
 .text.TIM_DMADelayPulseHalfCplt
                0x080040e6       0x68 CMakeFiles/CANLED1.dir/Drivers/STM32F3xx_HAL_Driver/Src/stm32f3xx_hal_tim.c.obj
                0x080040e6                TIM_DMADelayPulseHalfCplt
 *fill*         0x0800414e        0x2 
 .text.TIM_Base_SetConfig
                0x08004150      0x108 CMakeFiles/CANLED1.dir/Drivers/STM32F3xx_HAL_Driver/Src/stm32f3xx_hal_tim.c.obj
                0x08004150                TIM_Base_SetConfig
 .text.TIM_OC1_SetConfig
                0x08004258      0x10c CMakeFiles/CANLED1.dir/Drivers/STM32F3xx_HAL_Driver/Src/stm32f3xx_hal_tim.c.obj
 .text.TIM_OC2_SetConfig
                0x08004364      0x100 CMakeFiles/CANLED1.dir/Drivers/STM32F3xx_HAL_Driver/Src/stm32f3xx_hal_tim.c.obj
                0x08004364                TIM_OC2_SetConfig
 .text.TIM_OC3_SetConfig
                0x08004464       0xfc CMakeFiles/CANLED1.dir/Drivers/STM32F3xx_HAL_Driver/Src/stm32f3xx_hal_tim.c.obj
 .text.TIM_OC4_SetConfig
                0x08004560       0xc8 CMakeFiles/CANLED1.dir/Drivers/STM32F3xx_HAL_Driver/Src/stm32f3xx_hal_tim.c.obj
 .text.TIM_OC5_SetConfig
                0x08004628       0xbc CMakeFiles/CANLED1.dir/Drivers/STM32F3xx_HAL_Driver/Src/stm32f3xx_hal_tim.c.obj
 .text.TIM_OC6_SetConfig
                0x080046e4       0xc0 CMakeFiles/CANLED1.dir/Drivers/STM32F3xx_HAL_Driver/Src/stm32f3xx_hal_tim.c.obj
 .text.TIM_CCxChannelCmd
                0x080047a4       0x4a CMakeFiles/CANLED1.dir/Drivers/STM32F3xx_HAL_Driver/Src/stm32f3xx_hal_tim.c.obj
                0x080047a4                TIM_CCxChannelCmd
 *fill*         0x080047ee        0x2 
 .text.HAL_TIMEx_MasterConfigSynchronization
                0x080047f0       0xdc CMakeFiles/CANLED1.dir/Drivers/STM32F3xx_HAL_Driver/Src/stm32f3xx_hal_tim_ex.c.obj
                0x080047f0                HAL_TIMEx_MasterConfigSynchronization
 .text.HAL_TIMEx_ConfigBreakDeadTime
                0x080048cc       0xf0 CMakeFiles/CANLED1.dir/Drivers/STM32F3xx_HAL_Driver/Src/stm32f3xx_hal_tim_ex.c.obj
                0x080048cc                HAL_TIMEx_ConfigBreakDeadTime
 .text.HAL_UART_Init
                0x080049bc       0x9c CMakeFiles/CANLED1.dir/Drivers/STM32F3xx_HAL_Driver/Src/stm32f3xx_hal_uart.c.obj
                0x080049bc                HAL_UART_Init
 .text.UART_SetConfig
                0x08004a58      0x26c CMakeFiles/CANLED1.dir/Drivers/STM32F3xx_HAL_Driver/Src/stm32f3xx_hal_uart.c.obj
                0x08004a58                UART_SetConfig
 .text.UART_AdvFeatureConfig
                0x08004cc4      0x144 CMakeFiles/CANLED1.dir/Drivers/STM32F3xx_HAL_Driver/Src/stm32f3xx_hal_uart.c.obj
                0x08004cc4                UART_AdvFeatureConfig
 .text.UART_CheckIdleState
                0x08004e08      0x150 CMakeFiles/CANLED1.dir/Drivers/STM32F3xx_HAL_Driver/Src/stm32f3xx_hal_uart.c.obj
                0x08004e08                UART_CheckIdleState
 .text.UART_WaitOnFlagUntilTimeout
                0x08004f58       0xda CMakeFiles/CANLED1.dir/Drivers/STM32F3xx_HAL_Driver/Src/stm32f3xx_hal_uart.c.obj
                0x08004f58                UART_WaitOnFlagUntilTimeout
 .text.UART_EndRxTransfer
                0x08005032       0xc8 CMakeFiles/CANLED1.dir/Drivers/STM32F3xx_HAL_Driver/Src/stm32f3xx_hal_uart.c.obj
 *fill*         0x080050fa        0x2 
 .text.SystemInit
                0x080050fc       0x24 CMakeFiles/CANLED1.dir/Core/Src/system_stm32f3xx.c.obj
                0x080050fc                SystemInit
 .text._sbrk    0x08005120       0x6c CMakeFiles/CANLED1.dir/Core/Src/sysmem.c.obj
                0x08005120                _sbrk
 .text.Reset_Handler
                0x0800518c       0x50 CMakeFiles/CANLED1.dir/startup_stm32f303x8.s.obj
                0x0800518c                Reset_Handler
 .text.Default_Handler
                0x080051dc        0x2 CMakeFiles/CANLED1.dir/startup_stm32f303x8.s.obj
                0x080051dc                RTC_Alarm_IRQHandler
                0x080051dc                TIM1_CC_IRQHandler
                0x080051dc                PVD_IRQHandler
                0x080051dc                TAMP_STAMP_IRQHandler
                0x080051dc                EXTI3_IRQHandler
                0x080051dc                EXTI0_IRQHandler
                0x080051dc                FPU_IRQHandler
                0x080051dc                CAN_TX_IRQHandler
                0x080051dc                TIM1_UP_TIM16_IRQHandler
                0x080051dc                ADC1_2_IRQHandler
                0x080051dc                SPI1_IRQHandler
                0x080051dc                CAN_SCE_IRQHandler
                0x080051dc                DMA1_Channel4_IRQHandler
                0x080051dc                USART3_IRQHandler
                0x080051dc                DMA1_Channel7_IRQHandler
                0x080051dc                TIM7_DAC2_IRQHandler
                0x080051dc                CAN_RX1_IRQHandler
                0x080051dc                I2C1_EV_IRQHandler
                0x080051dc                DMA1_Channel6_IRQHandler
                0x080051dc                TIM3_IRQHandler
                0x080051dc                RCC_IRQHandler
                0x080051dc                DMA1_Channel1_IRQHandler
                0x080051dc                Default_Handler
                0x080051dc                EXTI15_10_IRQHandler
                0x080051dc                COMP2_IRQHandler
                0x080051dc                TIM6_DAC1_IRQHandler
                0x080051dc                EXTI9_5_IRQHandler
                0x080051dc                RTC_WKUP_IRQHandler
                0x080051dc                EXTI4_IRQHandler
                0x080051dc                TIM1_TRG_COM_TIM17_IRQHandler
                0x080051dc                DMA1_Channel3_IRQHandler
                0x080051dc                WWDG_IRQHandler
                0x080051dc                TIM2_IRQHandler
                0x080051dc                EXTI1_IRQHandler
                0x080051dc                COMP4_6_IRQHandler
                0x080051dc                USART2_IRQHandler
                0x080051dc                FLASH_IRQHandler
                0x080051dc                USART1_IRQHandler
                0x080051dc                CAN_RX0_IRQHandler
                0x080051dc                I2C1_ER_IRQHandler
                0x080051dc                EXTI2_TSC_IRQHandler
                0x080051dc                TIM1_BRK_TIM15_IRQHandler
 *fill*         0x080051de        0x2 
 .text.malloc   0x080051e0       0x10 /opt/st/stm32cubeclt_1.15.1/GNU-tools-for-STM32/bin/../lib/gcc/arm-none-eabi/12.3.1/../../../../arm-none-eabi/lib/thumb/v7e-m+fp/hard/libg_nano.a(libc_a-malloc.o)
                0x080051e0                malloc
 .text.__errno  0x080051f0        0xc /opt/st/stm32cubeclt_1.15.1/GNU-tools-for-STM32/bin/../lib/gcc/arm-none-eabi/12.3.1/../../../../arm-none-eabi/lib/thumb/v7e-m+fp/hard/libg_nano.a(libc_a-errno.o)
                0x080051f0                __errno
 *(.glue_7)
 .glue_7        0x080051fc        0x0 linker stubs
 *(.glue_7t)
 .glue_7t       0x080051fc        0x0 linker stubs
 *(.eh_frame)
 .eh_frame      0x080051fc        0x0 /opt/st/stm32cubeclt_1.15.1/GNU-tools-for-STM32/bin/../lib/gcc/arm-none-eabi/12.3.1/thumb/v7e-m+fp/hard/crtbegin.o
 *(.init)
 .init          0x080051fc        0x4 /opt/st/stm32cubeclt_1.15.1/GNU-tools-for-STM32/bin/../lib/gcc/arm-none-eabi/12.3.1/thumb/v7e-m+fp/hard/crti.o
                0x080051fc                _init
 .init          0x08005200        0x8 /opt/st/stm32cubeclt_1.15.1/GNU-tools-for-STM32/bin/../lib/gcc/arm-none-eabi/12.3.1/thumb/v7e-m+fp/hard/crtn.o
 *(.fini)
 .fini          0x08005208        0x4 /opt/st/stm32cubeclt_1.15.1/GNU-tools-for-STM32/bin/../lib/gcc/arm-none-eabi/12.3.1/thumb/v7e-m+fp/hard/crti.o
                0x08005208                _fini
 .fini          0x0800520c        0x8 /opt/st/stm32cubeclt_1.15.1/GNU-tools-for-STM32/bin/../lib/gcc/arm-none-eabi/12.3.1/thumb/v7e-m+fp/hard/crtn.o
                0x08005214                        . = ALIGN (0x4)
                0x08005214                        _etext = .

.vfp11_veneer   0x08005214        0x0
 .vfp11_veneer  0x08005214        0x0 linker stubs

.v4_bx          0x08005214        0x0
 .v4_bx         0x08005214        0x0 linker stubs

.iplt           0x08005214        0x0
 .iplt          0x08005214        0x0 /opt/st/stm32cubeclt_1.15.1/GNU-tools-for-STM32/bin/../lib/gcc/arm-none-eabi/12.3.1/thumb/v7e-m+fp/hard/crtbegin.o

.rodata         0x08005214       0x38
                0x08005214                        . = ALIGN (0x4)
 *(.rodata)
 *(.rodata*)
 .rodata.aPLLMULFactorTable
                0x08005214       0x10 CMakeFiles/CANLED1.dir/Drivers/STM32F3xx_HAL_Driver/Src/stm32f3xx_hal_rcc.c.obj
 .rodata.aPredivFactorTable
                0x08005224       0x10 CMakeFiles/CANLED1.dir/Drivers/STM32F3xx_HAL_Driver/Src/stm32f3xx_hal_rcc.c.obj
 .rodata.AHBPrescTable
                0x08005234       0x10 CMakeFiles/CANLED1.dir/Core/Src/system_stm32f3xx.c.obj
                0x08005234                AHBPrescTable
 .rodata.APBPrescTable
                0x08005244        0x8 CMakeFiles/CANLED1.dir/Core/Src/system_stm32f3xx.c.obj
                0x08005244                APBPrescTable
                0x0800524c                        . = ALIGN (0x4)

.rel.dyn        0x0800524c        0x0
 .rel.iplt      0x0800524c        0x0 /opt/st/stm32cubeclt_1.15.1/GNU-tools-for-STM32/bin/../lib/gcc/arm-none-eabi/12.3.1/thumb/v7e-m+fp/hard/crtbegin.o

.ARM.extab
 *(.ARM.extab* .gnu.linkonce.armextab.*)

.ARM            0x0800524c        0x0
                0x0800524c                        __exidx_start = .
 *(.ARM.exidx*)
                0x0800524c                        __exidx_end = .

.preinit_array  0x0800524c        0x0
                0x0800524c                        PROVIDE (__preinit_array_start = .)
 *(.preinit_array*)
                0x0800524c                        PROVIDE (__preinit_array_end = .)

.init_array     0x0800524c        0x4
                0x0800524c                        PROVIDE (__init_array_start = .)
 *(SORT_BY_NAME(.init_array.*))
 *(.init_array*)
 .init_array    0x0800524c        0x4 /opt/st/stm32cubeclt_1.15.1/GNU-tools-for-STM32/bin/../lib/gcc/arm-none-eabi/12.3.1/thumb/v7e-m+fp/hard/crtbegin.o
                0x08005250                        PROVIDE (__init_array_end = .)

.fini_array     0x08005250        0x4
                [!provide]                        PROVIDE (__fini_array_start = .)
 *(SORT_BY_NAME(.fini_array.*))
 *(.fini_array*)
 .fini_array    0x08005250        0x4 /opt/st/stm32cubeclt_1.15.1/GNU-tools-for-STM32/bin/../lib/gcc/arm-none-eabi/12.3.1/thumb/v7e-m+fp/hard/crtbegin.o
                [!provide]                        PROVIDE (__fini_array_end = .)
                0x08005254                        _sidata = LOADADDR (.data)

.data           0x20000000       0x5c load address 0x08005254
                0x20000000                        . = ALIGN (0x4)
                0x20000000                        _sdata = .
 *(.data)
 *(.data*)
 .data._impure_ptr
                0x20000000        0x4 /opt/st/stm32cubeclt_1.15.1/GNU-tools-for-STM32/bin/../lib/gcc/arm-none-eabi/12.3.1/../../../../arm-none-eabi/lib/thumb/v7e-m+fp/hard/libc_nano.a(libc_a-impure.o)
                0x20000000                _impure_ptr
 .data._impure_data
                0x20000004       0x4c /opt/st/stm32cubeclt_1.15.1/GNU-tools-for-STM32/bin/../lib/gcc/arm-none-eabi/12.3.1/../../../../arm-none-eabi/lib/thumb/v7e-m+fp/hard/libc_nano.a(libc_a-impure.o)
                0x20000004                _impure_data
 .data.uwTickPrio
                0x20000050        0x4 CMakeFiles/CANLED1.dir/Drivers/STM32F3xx_HAL_Driver/Src/stm32f3xx_hal.c.obj
                0x20000050                uwTickPrio
 .data.uwTickFreq
                0x20000054        0x1 CMakeFiles/CANLED1.dir/Drivers/STM32F3xx_HAL_Driver/Src/stm32f3xx_hal.c.obj
                0x20000054                uwTickFreq
 *fill*         0x20000055        0x3 
 .data.SystemCoreClock
                0x20000058        0x4 CMakeFiles/CANLED1.dir/Core/Src/system_stm32f3xx.c.obj
                0x20000058                SystemCoreClock
                0x2000005c                        . = ALIGN (0x4)
                0x2000005c                        _edata = .
                0x080052b0                        _siccmram = LOADADDR (.ccmram)

.igot.plt       0x2000005c        0x0 load address 0x080052b0
 .igot.plt      0x2000005c        0x0 /opt/st/stm32cubeclt_1.15.1/GNU-tools-for-STM32/bin/../lib/gcc/arm-none-eabi/12.3.1/thumb/v7e-m+fp/hard/crtbegin.o

.ccmram         0x10000000        0x0 load address 0x080052b0
                0x10000000                        . = ALIGN (0x4)
                0x10000000                        _sccmram = .
 *(.ccmram)
 *(.ccmram*)
                0x10000000                        . = ALIGN (0x4)
                0x10000000                        _eccmram = .
                0x10000000                        . = ALIGN (0x4)

.bss            0x2000005c      0x40c
                0x2000005c                        _sbss = .
                0x2000005c                        __bss_start__ = _sbss
 *(.bss)
 .bss           0x2000005c       0x1c /opt/st/stm32cubeclt_1.15.1/GNU-tools-for-STM32/bin/../lib/gcc/arm-none-eabi/12.3.1/thumb/v7e-m+fp/hard/crtbegin.o
 *(.bss*)
 .bss.__sf      0x20000078      0x138 /opt/st/stm32cubeclt_1.15.1/GNU-tools-for-STM32/bin/../lib/gcc/arm-none-eabi/12.3.1/../../../../arm-none-eabi/lib/thumb/v7e-m+fp/hard/libc_nano.a(libc_a-findfp.o)
                0x20000078                __sf
 .bss.errno     0x200001b0        0x4 /opt/st/stm32cubeclt_1.15.1/GNU-tools-for-STM32/bin/../lib/gcc/arm-none-eabi/12.3.1/../../../../arm-none-eabi/lib/thumb/v7e-m+fp/hard/libc_nano.a(libc_a-reent.o)
                0x200001b0                errno
 .bss.__lock___malloc_recursive_mutex
                0x200001b4        0x1 /opt/st/stm32cubeclt_1.15.1/GNU-tools-for-STM32/bin/../lib/gcc/arm-none-eabi/12.3.1/../../../../arm-none-eabi/lib/thumb/v7e-m+fp/hard/libc_nano.a(libc_a-lock.o)
                0x200001b4                __lock___malloc_recursive_mutex
 *fill*         0x200001b5        0x3 
 .bss.__malloc_sbrk_start
                0x200001b8        0x4 /opt/st/stm32cubeclt_1.15.1/GNU-tools-for-STM32/bin/../lib/gcc/arm-none-eabi/12.3.1/../../../../arm-none-eabi/lib/thumb/v7e-m+fp/hard/libc_nano.a(libc_a-mallocr.o)
                0x200001b8                __malloc_sbrk_start
 .bss.__malloc_free_list
                0x200001bc        0x4 /opt/st/stm32cubeclt_1.15.1/GNU-tools-for-STM32/bin/../lib/gcc/arm-none-eabi/12.3.1/../../../../arm-none-eabi/lib/thumb/v7e-m+fp/hard/libc_nano.a(libc_a-mallocr.o)
                0x200001bc                __malloc_free_list
 .bss.TxHeader  0x200001c0       0x18 CMakeFiles/CANLED1.dir/Core/Src/main.c.obj
                0x200001c0                TxHeader
 .bss.TxData    0x200001d8        0x8 CMakeFiles/CANLED1.dir/Core/Src/main.c.obj
                0x200001d8                TxData
 .bss.TxMailbox
                0x200001e0        0x4 CMakeFiles/CANLED1.dir/Core/Src/main.c.obj
                0x200001e0                TxMailbox
 .bss.WS2812_PWM_ONE
                0x200001e4        0x4 CMakeFiles/CANLED1.dir/Core/Src/main.c.obj
                0x200001e4                WS2812_PWM_ONE
 .bss.WS2812_PWM_ZERO
                0x200001e8        0x4 CMakeFiles/CANLED1.dir/Core/Src/main.c.obj
                0x200001e8                WS2812_PWM_ZERO
 .bss.PWM2_BUSY
                0x200001ec        0x1 CMakeFiles/CANLED1.dir/Core/Src/main.c.obj
                0x200001ec                PWM2_BUSY
 *fill*         0x200001ed        0x3 
 .bss.Array1    0x200001f0       0x18 CMakeFiles/CANLED1.dir/Core/Src/main.c.obj
                0x200001f0                Array1
 .bss.hcan      0x20000208       0x28 CMakeFiles/CANLED1.dir/Core/Src/can.c.obj
                0x20000208                hcan
 .bss.htim1     0x20000230       0x4c CMakeFiles/CANLED1.dir/Core/Src/tim.c.obj
                0x20000230                htim1
 .bss.htim2     0x2000027c       0x4c CMakeFiles/CANLED1.dir/Core/Src/tim.c.obj
                0x2000027c                htim2
 .bss.hdma_tim1_ch1
                0x200002c8       0x44 CMakeFiles/CANLED1.dir/Core/Src/tim.c.obj
                0x200002c8                hdma_tim1_ch1
 .bss.hdma_tim2_ch1
                0x2000030c       0x44 CMakeFiles/CANLED1.dir/Core/Src/tim.c.obj
                0x2000030c                hdma_tim2_ch1
 .bss.huart1    0x20000350       0x88 CMakeFiles/CANLED1.dir/Core/Src/usart.c.obj
                0x20000350                huart1
 .bss.huart2    0x200003d8       0x88 CMakeFiles/CANLED1.dir/Core/Src/usart.c.obj
                0x200003d8                huart2
 .bss.uwTick    0x20000460        0x4 CMakeFiles/CANLED1.dir/Drivers/STM32F3xx_HAL_Driver/Src/stm32f3xx_hal.c.obj
                0x20000460                uwTick
 .bss.__sbrk_heap_end
                0x20000464        0x4 CMakeFiles/CANLED1.dir/Core/Src/sysmem.c.obj
 *(COMMON)
                0x20000468                        . = ALIGN (0x4)
                0x20000468                        _ebss = .
                0x20000468                        __bss_end__ = _ebss

._user_heap_stack
                0x20000468      0x600
                0x20000468                        . = ALIGN (0x8)
                [!provide]                        PROVIDE (end = .)
                0x20000468                        PROVIDE (_end = .)
                0x20000668                        . = (. + _Min_Heap_Size)
 *fill*         0x20000468      0x200 
                0x20000a68                        . = (. + _Min_Stack_Size)
 *fill*         0x20000668      0x400 
                0x20000a68                        . = ALIGN (0x8)

/DISCARD/
 libc.a(*)
 libm.a(*)
 libgcc.a(*)
OUTPUT(CANLED1.elf elf32-littlearm)
LOAD linker stubs
LOAD /opt/st/stm32cubeclt_1.15.1/GNU-tools-for-STM32/bin/../lib/gcc/arm-none-eabi/12.3.1/../../../../arm-none-eabi/lib/thumb/v7e-m+fp/hard/libc.a
LOAD /opt/st/stm32cubeclt_1.15.1/GNU-tools-for-STM32/bin/../lib/gcc/arm-none-eabi/12.3.1/../../../../arm-none-eabi/lib/thumb/v7e-m+fp/hard/libm.a
LOAD /opt/st/stm32cubeclt_1.15.1/GNU-tools-for-STM32/bin/../lib/gcc/arm-none-eabi/12.3.1/thumb/v7e-m+fp/hard/libgcc.a

.ARM.attributes
                0x00000000       0x30
 .ARM.attributes
                0x00000000       0x22 /opt/st/stm32cubeclt_1.15.1/GNU-tools-for-STM32/bin/../lib/gcc/arm-none-eabi/12.3.1/thumb/v7e-m+fp/hard/crti.o
 .ARM.attributes
                0x00000022       0x34 /opt/st/stm32cubeclt_1.15.1/GNU-tools-for-STM32/bin/../lib/gcc/arm-none-eabi/12.3.1/thumb/v7e-m+fp/hard/crtbegin.o
 .ARM.attributes
                0x00000056       0x34 /opt/st/stm32cubeclt_1.15.1/GNU-tools-for-STM32/bin/../lib/gcc/arm-none-eabi/12.3.1/../../../../arm-none-eabi/lib/thumb/v7e-m+fp/hard/libc_nano.a(libc_a-findfp.o)
 .ARM.attributes
                0x0000008a       0x34 /opt/st/stm32cubeclt_1.15.1/GNU-tools-for-STM32/bin/../lib/gcc/arm-none-eabi/12.3.1/../../../../arm-none-eabi/lib/thumb/v7e-m+fp/hard/libc_nano.a(libc_a-memset.o)
 .ARM.attributes
                0x000000be       0x34 /opt/st/stm32cubeclt_1.15.1/GNU-tools-for-STM32/bin/../lib/gcc/arm-none-eabi/12.3.1/../../../../arm-none-eabi/lib/thumb/v7e-m+fp/hard/libc_nano.a(libc_a-reent.o)
 .ARM.attributes
                0x000000f2       0x34 /opt/st/stm32cubeclt_1.15.1/GNU-tools-for-STM32/bin/../lib/gcc/arm-none-eabi/12.3.1/../../../../arm-none-eabi/lib/thumb/v7e-m+fp/hard/libc_nano.a(libc_a-impure.o)
 .ARM.attributes
                0x00000126       0x34 /opt/st/stm32cubeclt_1.15.1/GNU-tools-for-STM32/bin/../lib/gcc/arm-none-eabi/12.3.1/../../../../arm-none-eabi/lib/thumb/v7e-m+fp/hard/libc_nano.a(libc_a-init.o)
 .ARM.attributes
                0x0000015a       0x34 /opt/st/stm32cubeclt_1.15.1/GNU-tools-for-STM32/bin/../lib/gcc/arm-none-eabi/12.3.1/../../../../arm-none-eabi/lib/thumb/v7e-m+fp/hard/libc_nano.a(libc_a-lock.o)
 .ARM.attributes
                0x0000018e       0x34 /opt/st/stm32cubeclt_1.15.1/GNU-tools-for-STM32/bin/../lib/gcc/arm-none-eabi/12.3.1/../../../../arm-none-eabi/lib/thumb/v7e-m+fp/hard/libc_nano.a(libc_a-mallocr.o)
 .ARM.attributes
                0x000001c2       0x34 /opt/st/stm32cubeclt_1.15.1/GNU-tools-for-STM32/bin/../lib/gcc/arm-none-eabi/12.3.1/../../../../arm-none-eabi/lib/thumb/v7e-m+fp/hard/libc_nano.a(libc_a-mlock.o)
 .ARM.attributes
                0x000001f6       0x34 /opt/st/stm32cubeclt_1.15.1/GNU-tools-for-STM32/bin/../lib/gcc/arm-none-eabi/12.3.1/../../../../arm-none-eabi/lib/thumb/v7e-m+fp/hard/libc_nano.a(libc_a-sbrkr.o)
 .ARM.attributes
                0x0000022a       0x34 CMakeFiles/CANLED1.dir/Core/Src/main.c.obj
 .ARM.attributes
                0x0000025e       0x34 CMakeFiles/CANLED1.dir/Core/Src/gpio.c.obj
 .ARM.attributes
                0x00000292       0x34 CMakeFiles/CANLED1.dir/Core/Src/can.c.obj
 .ARM.attributes
                0x000002c6       0x34 CMakeFiles/CANLED1.dir/Core/Src/dma.c.obj
 .ARM.attributes
                0x000002fa       0x34 CMakeFiles/CANLED1.dir/Core/Src/tim.c.obj
 .ARM.attributes
                0x0000032e       0x34 CMakeFiles/CANLED1.dir/Core/Src/usart.c.obj
 .ARM.attributes
                0x00000362       0x34 CMakeFiles/CANLED1.dir/Core/Src/stm32f3xx_it.c.obj
 .ARM.attributes
                0x00000396       0x34 CMakeFiles/CANLED1.dir/Core/Src/stm32f3xx_hal_msp.c.obj
 .ARM.attributes
                0x000003ca       0x34 CMakeFiles/CANLED1.dir/Drivers/STM32F3xx_HAL_Driver/Src/stm32f3xx_hal_can.c.obj
 .ARM.attributes
                0x000003fe       0x34 CMakeFiles/CANLED1.dir/Drivers/STM32F3xx_HAL_Driver/Src/stm32f3xx_hal.c.obj
 .ARM.attributes
                0x00000432       0x34 CMakeFiles/CANLED1.dir/Drivers/STM32F3xx_HAL_Driver/Src/stm32f3xx_hal_rcc.c.obj
 .ARM.attributes
                0x00000466       0x34 CMakeFiles/CANLED1.dir/Drivers/STM32F3xx_HAL_Driver/Src/stm32f3xx_hal_rcc_ex.c.obj
 .ARM.attributes
                0x0000049a       0x34 CMakeFiles/CANLED1.dir/Drivers/STM32F3xx_HAL_Driver/Src/stm32f3xx_hal_gpio.c.obj
 .ARM.attributes
                0x000004ce       0x34 CMakeFiles/CANLED1.dir/Drivers/STM32F3xx_HAL_Driver/Src/stm32f3xx_hal_dma.c.obj
 .ARM.attributes
                0x00000502       0x34 CMakeFiles/CANLED1.dir/Drivers/STM32F3xx_HAL_Driver/Src/stm32f3xx_hal_cortex.c.obj
 .ARM.attributes
                0x00000536       0x34 CMakeFiles/CANLED1.dir/Drivers/STM32F3xx_HAL_Driver/Src/stm32f3xx_hal_tim.c.obj
 .ARM.attributes
                0x0000056a       0x34 CMakeFiles/CANLED1.dir/Drivers/STM32F3xx_HAL_Driver/Src/stm32f3xx_hal_tim_ex.c.obj
 .ARM.attributes
                0x0000059e       0x34 CMakeFiles/CANLED1.dir/Drivers/STM32F3xx_HAL_Driver/Src/stm32f3xx_hal_uart.c.obj
 .ARM.attributes
                0x000005d2       0x34 CMakeFiles/CANLED1.dir/Core/Src/system_stm32f3xx.c.obj
 .ARM.attributes
                0x00000606       0x34 CMakeFiles/CANLED1.dir/Core/Src/sysmem.c.obj
 .ARM.attributes
                0x0000063a       0x21 CMakeFiles/CANLED1.dir/startup_stm32f303x8.s.obj
 .ARM.attributes
                0x0000065b       0x34 /opt/st/stm32cubeclt_1.15.1/GNU-tools-for-STM32/bin/../lib/gcc/arm-none-eabi/12.3.1/../../../../arm-none-eabi/lib/thumb/v7e-m+fp/hard/libg_nano.a(libc_a-malloc.o)
 .ARM.attributes
                0x0000068f       0x34 /opt/st/stm32cubeclt_1.15.1/GNU-tools-for-STM32/bin/../lib/gcc/arm-none-eabi/12.3.1/../../../../arm-none-eabi/lib/thumb/v7e-m+fp/hard/libg_nano.a(libc_a-errno.o)
 .ARM.attributes
                0x000006c3       0x22 /opt/st/stm32cubeclt_1.15.1/GNU-tools-for-STM32/bin/../lib/gcc/arm-none-eabi/12.3.1/thumb/v7e-m+fp/hard/crtn.o

.comment        0x00000000       0x43
 .comment       0x00000000       0x43 CMakeFiles/CANLED1.dir/Core/Src/main.c.obj
                                 0x44 (size before relaxing)
 .comment       0x00000043       0x44 CMakeFiles/CANLED1.dir/Core/Src/gpio.c.obj
 .comment       0x00000043       0x44 CMakeFiles/CANLED1.dir/Core/Src/can.c.obj
 .comment       0x00000043       0x44 CMakeFiles/CANLED1.dir/Core/Src/dma.c.obj
 .comment       0x00000043       0x44 CMakeFiles/CANLED1.dir/Core/Src/tim.c.obj
 .comment       0x00000043       0x44 CMakeFiles/CANLED1.dir/Core/Src/usart.c.obj
 .comment       0x00000043       0x44 CMakeFiles/CANLED1.dir/Core/Src/stm32f3xx_it.c.obj
 .comment       0x00000043       0x44 CMakeFiles/CANLED1.dir/Core/Src/stm32f3xx_hal_msp.c.obj
 .comment       0x00000043       0x44 CMakeFiles/CANLED1.dir/Drivers/STM32F3xx_HAL_Driver/Src/stm32f3xx_hal_can.c.obj
 .comment       0x00000043       0x44 CMakeFiles/CANLED1.dir/Drivers/STM32F3xx_HAL_Driver/Src/stm32f3xx_hal.c.obj
 .comment       0x00000043       0x44 CMakeFiles/CANLED1.dir/Drivers/STM32F3xx_HAL_Driver/Src/stm32f3xx_hal_rcc.c.obj
 .comment       0x00000043       0x44 CMakeFiles/CANLED1.dir/Drivers/STM32F3xx_HAL_Driver/Src/stm32f3xx_hal_rcc_ex.c.obj
 .comment       0x00000043       0x44 CMakeFiles/CANLED1.dir/Drivers/STM32F3xx_HAL_Driver/Src/stm32f3xx_hal_gpio.c.obj
 .comment       0x00000043       0x44 CMakeFiles/CANLED1.dir/Drivers/STM32F3xx_HAL_Driver/Src/stm32f3xx_hal_dma.c.obj
 .comment       0x00000043       0x44 CMakeFiles/CANLED1.dir/Drivers/STM32F3xx_HAL_Driver/Src/stm32f3xx_hal_cortex.c.obj
 .comment       0x00000043       0x44 CMakeFiles/CANLED1.dir/Drivers/STM32F3xx_HAL_Driver/Src/stm32f3xx_hal_tim.c.obj
 .comment       0x00000043       0x44 CMakeFiles/CANLED1.dir/Drivers/STM32F3xx_HAL_Driver/Src/stm32f3xx_hal_tim_ex.c.obj
 .comment       0x00000043       0x44 CMakeFiles/CANLED1.dir/Drivers/STM32F3xx_HAL_Driver/Src/stm32f3xx_hal_uart.c.obj
 .comment       0x00000043       0x44 CMakeFiles/CANLED1.dir/Core/Src/system_stm32f3xx.c.obj
 .comment       0x00000043       0x44 CMakeFiles/CANLED1.dir/Core/Src/sysmem.c.obj
 .comment       0x00000043       0x44 /opt/st/stm32cubeclt_1.15.1/GNU-tools-for-STM32/bin/../lib/gcc/arm-none-eabi/12.3.1/../../../../arm-none-eabi/lib/thumb/v7e-m+fp/hard/libg_nano.a(libc_a-malloc.o)
 .comment       0x00000043       0x44 /opt/st/stm32cubeclt_1.15.1/GNU-tools-for-STM32/bin/../lib/gcc/arm-none-eabi/12.3.1/../../../../arm-none-eabi/lib/thumb/v7e-m+fp/hard/libg_nano.a(libc_a-errno.o)

.debug_frame    0x00000000     0x3e40
 .debug_frame   0x00000000      0x144 /opt/st/stm32cubeclt_1.15.1/GNU-tools-for-STM32/bin/../lib/gcc/arm-none-eabi/12.3.1/../../../../arm-none-eabi/lib/thumb/v7e-m+fp/hard/libc_nano.a(libc_a-findfp.o)
 .debug_frame   0x00000144       0x20 /opt/st/stm32cubeclt_1.15.1/GNU-tools-for-STM32/bin/../lib/gcc/arm-none-eabi/12.3.1/../../../../arm-none-eabi/lib/thumb/v7e-m+fp/hard/libc_nano.a(libc_a-memset.o)
 .debug_frame   0x00000164       0x38 /opt/st/stm32cubeclt_1.15.1/GNU-tools-for-STM32/bin/../lib/gcc/arm-none-eabi/12.3.1/../../../../arm-none-eabi/lib/thumb/v7e-m+fp/hard/libc_nano.a(libc_a-reent.o)
 .debug_frame   0x0000019c       0x2c /opt/st/stm32cubeclt_1.15.1/GNU-tools-for-STM32/bin/../lib/gcc/arm-none-eabi/12.3.1/../../../../arm-none-eabi/lib/thumb/v7e-m+fp/hard/libc_nano.a(libc_a-init.o)
 .debug_frame   0x000001c8       0xb0 /opt/st/stm32cubeclt_1.15.1/GNU-tools-for-STM32/bin/../lib/gcc/arm-none-eabi/12.3.1/../../../../arm-none-eabi/lib/thumb/v7e-m+fp/hard/libc_nano.a(libc_a-lock.o)
 .debug_frame   0x00000278       0x50 /opt/st/stm32cubeclt_1.15.1/GNU-tools-for-STM32/bin/../lib/gcc/arm-none-eabi/12.3.1/../../../../arm-none-eabi/lib/thumb/v7e-m+fp/hard/libc_nano.a(libc_a-mallocr.o)
 .debug_frame   0x000002c8       0x30 /opt/st/stm32cubeclt_1.15.1/GNU-tools-for-STM32/bin/../lib/gcc/arm-none-eabi/12.3.1/../../../../arm-none-eabi/lib/thumb/v7e-m+fp/hard/libc_nano.a(libc_a-mlock.o)
 .debug_frame   0x000002f8       0x2c /opt/st/stm32cubeclt_1.15.1/GNU-tools-for-STM32/bin/../lib/gcc/arm-none-eabi/12.3.1/../../../../arm-none-eabi/lib/thumb/v7e-m+fp/hard/libc_nano.a(libc_a-sbrkr.o)
 .debug_frame   0x00000324       0xe0 CMakeFiles/CANLED1.dir/Core/Src/main.c.obj
 .debug_frame   0x00000404       0x34 CMakeFiles/CANLED1.dir/Core/Src/gpio.c.obj
 .debug_frame   0x00000438       0x7c CMakeFiles/CANLED1.dir/Core/Src/can.c.obj
 .debug_frame   0x000004b4       0x34 CMakeFiles/CANLED1.dir/Core/Src/dma.c.obj
 .debug_frame   0x000004e8       0xc4 CMakeFiles/CANLED1.dir/Core/Src/tim.c.obj
 .debug_frame   0x000005ac       0x90 CMakeFiles/CANLED1.dir/Core/Src/usart.c.obj
 .debug_frame   0x0000063c      0x13c CMakeFiles/CANLED1.dir/Core/Src/stm32f3xx_it.c.obj
 .debug_frame   0x00000778       0x38 CMakeFiles/CANLED1.dir/Core/Src/stm32f3xx_hal_msp.c.obj
 .debug_frame   0x000007b0      0x5a0 CMakeFiles/CANLED1.dir/Drivers/STM32F3xx_HAL_Driver/Src/stm32f3xx_hal_can.c.obj
 .debug_frame   0x00000d50      0x334 CMakeFiles/CANLED1.dir/Drivers/STM32F3xx_HAL_Driver/Src/stm32f3xx_hal.c.obj
 .debug_frame   0x00001084      0x214 CMakeFiles/CANLED1.dir/Drivers/STM32F3xx_HAL_Driver/Src/stm32f3xx_hal_rcc.c.obj
 .debug_frame   0x00001298       0xac CMakeFiles/CANLED1.dir/Drivers/STM32F3xx_HAL_Driver/Src/stm32f3xx_hal_rcc_ex.c.obj
 .debug_frame   0x00001344      0x14c CMakeFiles/CANLED1.dir/Drivers/STM32F3xx_HAL_Driver/Src/stm32f3xx_hal_gpio.c.obj
 .debug_frame   0x00001490      0x224 CMakeFiles/CANLED1.dir/Drivers/STM32F3xx_HAL_Driver/Src/stm32f3xx_hal_dma.c.obj
 .debug_frame   0x000016b4      0x428 CMakeFiles/CANLED1.dir/Drivers/STM32F3xx_HAL_Driver/Src/stm32f3xx_hal_cortex.c.obj
 .debug_frame   0x00001adc     0x1218 CMakeFiles/CANLED1.dir/Drivers/STM32F3xx_HAL_Driver/Src/stm32f3xx_hal_tim.c.obj
 .debug_frame   0x00002cf4      0x688 CMakeFiles/CANLED1.dir/Drivers/STM32F3xx_HAL_Driver/Src/stm32f3xx_hal_tim_ex.c.obj
 .debug_frame   0x0000337c      0x9e8 CMakeFiles/CANLED1.dir/Drivers/STM32F3xx_HAL_Driver/Src/stm32f3xx_hal_uart.c.obj
 .debug_frame   0x00003d64       0x58 CMakeFiles/CANLED1.dir/Core/Src/system_stm32f3xx.c.obj
 .debug_frame   0x00003dbc       0x34 CMakeFiles/CANLED1.dir/Core/Src/sysmem.c.obj
 .debug_frame   0x00003df0       0x30 /opt/st/stm32cubeclt_1.15.1/GNU-tools-for-STM32/bin/../lib/gcc/arm-none-eabi/12.3.1/../../../../arm-none-eabi/lib/thumb/v7e-m+fp/hard/libg_nano.a(libc_a-malloc.o)
 .debug_frame   0x00003e20       0x20 /opt/st/stm32cubeclt_1.15.1/GNU-tools-for-STM32/bin/../lib/gcc/arm-none-eabi/12.3.1/../../../../arm-none-eabi/lib/thumb/v7e-m+fp/hard/libg_nano.a(libc_a-errno.o)

.debug_info     0x00000000    0x1104f
 .debug_info    0x00000000     0x11cc CMakeFiles/CANLED1.dir/Core/Src/main.c.obj
 .debug_info    0x000011cc      0x321 CMakeFiles/CANLED1.dir/Core/Src/gpio.c.obj
 .debug_info    0x000014ed      0x815 CMakeFiles/CANLED1.dir/Core/Src/can.c.obj
 .debug_info    0x00001d02      0x2f3 CMakeFiles/CANLED1.dir/Core/Src/dma.c.obj
 .debug_info    0x00001ff5      0xc22 CMakeFiles/CANLED1.dir/Core/Src/tim.c.obj
 .debug_info    0x00002c17      0x975 CMakeFiles/CANLED1.dir/Core/Src/usart.c.obj
 .debug_info    0x0000358c      0x371 CMakeFiles/CANLED1.dir/Core/Src/stm32f3xx_it.c.obj
 .debug_info    0x000038fd      0x18d CMakeFiles/CANLED1.dir/Core/Src/stm32f3xx_hal_msp.c.obj
 .debug_info    0x00003a8a      0xf02 CMakeFiles/CANLED1.dir/Drivers/STM32F3xx_HAL_Driver/Src/stm32f3xx_hal_can.c.obj
 .debug_info    0x0000498c      0x74a CMakeFiles/CANLED1.dir/Drivers/STM32F3xx_HAL_Driver/Src/stm32f3xx_hal.c.obj
 .debug_info    0x000050d6     0x148a CMakeFiles/CANLED1.dir/Drivers/STM32F3xx_HAL_Driver/Src/stm32f3xx_hal_rcc.c.obj
 .debug_info    0x00006560      0x52e CMakeFiles/CANLED1.dir/Drivers/STM32F3xx_HAL_Driver/Src/stm32f3xx_hal_rcc_ex.c.obj
 .debug_info    0x00006a8e      0x6a6 CMakeFiles/CANLED1.dir/Drivers/STM32F3xx_HAL_Driver/Src/stm32f3xx_hal_gpio.c.obj
 .debug_info    0x00007134      0x6e1 CMakeFiles/CANLED1.dir/Drivers/STM32F3xx_HAL_Driver/Src/stm32f3xx_hal_dma.c.obj
 .debug_info    0x00007815      0xa87 CMakeFiles/CANLED1.dir/Drivers/STM32F3xx_HAL_Driver/Src/stm32f3xx_hal_cortex.c.obj
 .debug_info    0x0000829c     0x2a70 CMakeFiles/CANLED1.dir/Drivers/STM32F3xx_HAL_Driver/Src/stm32f3xx_hal_tim.c.obj
 .debug_info    0x0000ad0c     0x156d CMakeFiles/CANLED1.dir/Drivers/STM32F3xx_HAL_Driver/Src/stm32f3xx_hal_tim_ex.c.obj
 .debug_info    0x0000c279     0x39a8 CMakeFiles/CANLED1.dir/Drivers/STM32F3xx_HAL_Driver/Src/stm32f3xx_hal_uart.c.obj
 .debug_info    0x0000fc21      0x407 CMakeFiles/CANLED1.dir/Core/Src/system_stm32f3xx.c.obj
 .debug_info    0x00010028      0x168 CMakeFiles/CANLED1.dir/Core/Src/sysmem.c.obj
 .debug_info    0x00010190       0x30 CMakeFiles/CANLED1.dir/startup_stm32f303x8.s.obj
 .debug_info    0x000101c0      0x794 /opt/st/stm32cubeclt_1.15.1/GNU-tools-for-STM32/bin/../lib/gcc/arm-none-eabi/12.3.1/../../../../arm-none-eabi/lib/thumb/v7e-m+fp/hard/libg_nano.a(libc_a-malloc.o)
 .debug_info    0x00010954      0x6fb /opt/st/stm32cubeclt_1.15.1/GNU-tools-for-STM32/bin/../lib/gcc/arm-none-eabi/12.3.1/../../../../arm-none-eabi/lib/thumb/v7e-m+fp/hard/libg_nano.a(libc_a-errno.o)

.debug_abbrev   0x00000000     0x2aad
 .debug_abbrev  0x00000000      0x310 CMakeFiles/CANLED1.dir/Core/Src/main.c.obj
 .debug_abbrev  0x00000310      0x151 CMakeFiles/CANLED1.dir/Core/Src/gpio.c.obj
 .debug_abbrev  0x00000461      0x20a CMakeFiles/CANLED1.dir/Core/Src/can.c.obj
 .debug_abbrev  0x0000066b       0xfc CMakeFiles/CANLED1.dir/Core/Src/dma.c.obj
 .debug_abbrev  0x00000767      0x221 CMakeFiles/CANLED1.dir/Core/Src/tim.c.obj
 .debug_abbrev  0x00000988      0x1fb CMakeFiles/CANLED1.dir/Core/Src/usart.c.obj
 .debug_abbrev  0x00000b83      0x170 CMakeFiles/CANLED1.dir/Core/Src/stm32f3xx_it.c.obj
 .debug_abbrev  0x00000cf3       0xc6 CMakeFiles/CANLED1.dir/Core/Src/stm32f3xx_hal_msp.c.obj
 .debug_abbrev  0x00000db9      0x1fc CMakeFiles/CANLED1.dir/Drivers/STM32F3xx_HAL_Driver/Src/stm32f3xx_hal_can.c.obj
 .debug_abbrev  0x00000fb5      0x215 CMakeFiles/CANLED1.dir/Drivers/STM32F3xx_HAL_Driver/Src/stm32f3xx_hal.c.obj
 .debug_abbrev  0x000011ca      0x300 CMakeFiles/CANLED1.dir/Drivers/STM32F3xx_HAL_Driver/Src/stm32f3xx_hal_rcc.c.obj
 .debug_abbrev  0x000014ca      0x221 CMakeFiles/CANLED1.dir/Drivers/STM32F3xx_HAL_Driver/Src/stm32f3xx_hal_rcc_ex.c.obj
 .debug_abbrev  0x000016eb      0x1ca CMakeFiles/CANLED1.dir/Drivers/STM32F3xx_HAL_Driver/Src/stm32f3xx_hal_gpio.c.obj
 .debug_abbrev  0x000018b5      0x20d CMakeFiles/CANLED1.dir/Drivers/STM32F3xx_HAL_Driver/Src/stm32f3xx_hal_dma.c.obj
 .debug_abbrev  0x00001ac2      0x2f8 CMakeFiles/CANLED1.dir/Drivers/STM32F3xx_HAL_Driver/Src/stm32f3xx_hal_cortex.c.obj
 .debug_abbrev  0x00001dba      0x278 CMakeFiles/CANLED1.dir/Drivers/STM32F3xx_HAL_Driver/Src/stm32f3xx_hal_tim.c.obj
 .debug_abbrev  0x00002032      0x283 CMakeFiles/CANLED1.dir/Drivers/STM32F3xx_HAL_Driver/Src/stm32f3xx_hal_tim_ex.c.obj
 .debug_abbrev  0x000022b5      0x2d1 CMakeFiles/CANLED1.dir/Drivers/STM32F3xx_HAL_Driver/Src/stm32f3xx_hal_uart.c.obj
 .debug_abbrev  0x00002586      0x11a CMakeFiles/CANLED1.dir/Core/Src/system_stm32f3xx.c.obj
 .debug_abbrev  0x000026a0       0xbc CMakeFiles/CANLED1.dir/Core/Src/sysmem.c.obj
 .debug_abbrev  0x0000275c       0x24 CMakeFiles/CANLED1.dir/startup_stm32f303x8.s.obj
 .debug_abbrev  0x00002780      0x1cf /opt/st/stm32cubeclt_1.15.1/GNU-tools-for-STM32/bin/../lib/gcc/arm-none-eabi/12.3.1/../../../../arm-none-eabi/lib/thumb/v7e-m+fp/hard/libg_nano.a(libc_a-malloc.o)
 .debug_abbrev  0x0000294f      0x15e /opt/st/stm32cubeclt_1.15.1/GNU-tools-for-STM32/bin/../lib/gcc/arm-none-eabi/12.3.1/../../../../arm-none-eabi/lib/thumb/v7e-m+fp/hard/libg_nano.a(libc_a-errno.o)

.debug_aranges  0x00000000      0xeb0
 .debug_aranges
                0x00000000       0x48 CMakeFiles/CANLED1.dir/Core/Src/main.c.obj
 .debug_aranges
                0x00000048       0x20 CMakeFiles/CANLED1.dir/Core/Src/gpio.c.obj
 .debug_aranges
                0x00000068       0x30 CMakeFiles/CANLED1.dir/Core/Src/can.c.obj
 .debug_aranges
                0x00000098       0x20 CMakeFiles/CANLED1.dir/Core/Src/dma.c.obj
 .debug_aranges
                0x000000b8       0x40 CMakeFiles/CANLED1.dir/Core/Src/tim.c.obj
 .debug_aranges
                0x000000f8       0x38 CMakeFiles/CANLED1.dir/Core/Src/usart.c.obj
 .debug_aranges
                0x00000130       0x70 CMakeFiles/CANLED1.dir/Core/Src/stm32f3xx_it.c.obj
 .debug_aranges
                0x000001a0       0x20 CMakeFiles/CANLED1.dir/Core/Src/stm32f3xx_hal_msp.c.obj
 .debug_aranges
                0x000001c0      0x138 CMakeFiles/CANLED1.dir/Drivers/STM32F3xx_HAL_Driver/Src/stm32f3xx_hal_can.c.obj
 .debug_aranges
                0x000002f8       0xe0 CMakeFiles/CANLED1.dir/Drivers/STM32F3xx_HAL_Driver/Src/stm32f3xx_hal.c.obj
 .debug_aranges
                0x000003d8       0x88 CMakeFiles/CANLED1.dir/Drivers/STM32F3xx_HAL_Driver/Src/stm32f3xx_hal_rcc.c.obj
 .debug_aranges
                0x00000460       0x38 CMakeFiles/CANLED1.dir/Drivers/STM32F3xx_HAL_Driver/Src/stm32f3xx_hal_rcc_ex.c.obj
 .debug_aranges
                0x00000498       0x58 CMakeFiles/CANLED1.dir/Drivers/STM32F3xx_HAL_Driver/Src/stm32f3xx_hal_gpio.c.obj
 .debug_aranges
                0x000004f0       0x88 CMakeFiles/CANLED1.dir/Drivers/STM32F3xx_HAL_Driver/Src/stm32f3xx_hal_dma.c.obj
 .debug_aranges
                0x00000578      0x100 CMakeFiles/CANLED1.dir/Drivers/STM32F3xx_HAL_Driver/Src/stm32f3xx_hal_cortex.c.obj
 .debug_aranges
                0x00000678      0x3e0 CMakeFiles/CANLED1.dir/Drivers/STM32F3xx_HAL_Driver/Src/stm32f3xx_hal_tim.c.obj
 .debug_aranges
                0x00000a58      0x178 CMakeFiles/CANLED1.dir/Drivers/STM32F3xx_HAL_Driver/Src/stm32f3xx_hal_tim_ex.c.obj
 .debug_aranges
                0x00000bd0      0x228 CMakeFiles/CANLED1.dir/Drivers/STM32F3xx_HAL_Driver/Src/stm32f3xx_hal_uart.c.obj
 .debug_aranges
                0x00000df8       0x28 CMakeFiles/CANLED1.dir/Core/Src/system_stm32f3xx.c.obj
 .debug_aranges
                0x00000e20       0x20 CMakeFiles/CANLED1.dir/Core/Src/sysmem.c.obj
 .debug_aranges
                0x00000e40       0x28 CMakeFiles/CANLED1.dir/startup_stm32f303x8.s.obj
 .debug_aranges
                0x00000e68       0x28 /opt/st/stm32cubeclt_1.15.1/GNU-tools-for-STM32/bin/../lib/gcc/arm-none-eabi/12.3.1/../../../../arm-none-eabi/lib/thumb/v7e-m+fp/hard/libg_nano.a(libc_a-malloc.o)
 .debug_aranges
                0x00000e90       0x20 /opt/st/stm32cubeclt_1.15.1/GNU-tools-for-STM32/bin/../lib/gcc/arm-none-eabi/12.3.1/../../../../arm-none-eabi/lib/thumb/v7e-m+fp/hard/libg_nano.a(libc_a-errno.o)

.debug_rnglists
                0x00000000      0xb59
 .debug_rnglists
                0x00000000       0x34 CMakeFiles/CANLED1.dir/Core/Src/main.c.obj
 .debug_rnglists
                0x00000034       0x14 CMakeFiles/CANLED1.dir/Core/Src/gpio.c.obj
 .debug_rnglists
                0x00000048       0x21 CMakeFiles/CANLED1.dir/Core/Src/can.c.obj
 .debug_rnglists
                0x00000069       0x13 CMakeFiles/CANLED1.dir/Core/Src/dma.c.obj
 .debug_rnglists
                0x0000007c       0x2f CMakeFiles/CANLED1.dir/Core/Src/tim.c.obj
 .debug_rnglists
                0x000000ab       0x26 CMakeFiles/CANLED1.dir/Core/Src/usart.c.obj
 .debug_rnglists
                0x000000d1       0x4f CMakeFiles/CANLED1.dir/Core/Src/stm32f3xx_it.c.obj
 .debug_rnglists
                0x00000120       0x13 CMakeFiles/CANLED1.dir/Core/Src/stm32f3xx_hal_msp.c.obj
 .debug_rnglists
                0x00000133       0xee CMakeFiles/CANLED1.dir/Drivers/STM32F3xx_HAL_Driver/Src/stm32f3xx_hal_can.c.obj
 .debug_rnglists
                0x00000221       0xa3 CMakeFiles/CANLED1.dir/Drivers/STM32F3xx_HAL_Driver/Src/stm32f3xx_hal.c.obj
 .debug_rnglists
                0x000002c4       0x66 CMakeFiles/CANLED1.dir/Drivers/STM32F3xx_HAL_Driver/Src/stm32f3xx_hal_rcc.c.obj
 .debug_rnglists
                0x0000032a       0x27 CMakeFiles/CANLED1.dir/Drivers/STM32F3xx_HAL_Driver/Src/stm32f3xx_hal_rcc_ex.c.obj
 .debug_rnglists
                0x00000351       0x3f CMakeFiles/CANLED1.dir/Drivers/STM32F3xx_HAL_Driver/Src/stm32f3xx_hal_gpio.c.obj
 .debug_rnglists
                0x00000390       0x69 CMakeFiles/CANLED1.dir/Drivers/STM32F3xx_HAL_Driver/Src/stm32f3xx_hal_dma.c.obj
 .debug_rnglists
                0x000003f9       0xbb CMakeFiles/CANLED1.dir/Drivers/STM32F3xx_HAL_Driver/Src/stm32f3xx_hal_cortex.c.obj
 .debug_rnglists
                0x000004b4      0x328 CMakeFiles/CANLED1.dir/Drivers/STM32F3xx_HAL_Driver/Src/stm32f3xx_hal_tim.c.obj
 .debug_rnglists
                0x000007dc      0x131 CMakeFiles/CANLED1.dir/Drivers/STM32F3xx_HAL_Driver/Src/stm32f3xx_hal_tim_ex.c.obj
 .debug_rnglists
                0x0000090d      0x1da CMakeFiles/CANLED1.dir/Drivers/STM32F3xx_HAL_Driver/Src/stm32f3xx_hal_uart.c.obj
 .debug_rnglists
                0x00000ae7       0x1a CMakeFiles/CANLED1.dir/Core/Src/system_stm32f3xx.c.obj
 .debug_rnglists
                0x00000b01       0x13 CMakeFiles/CANLED1.dir/Core/Src/sysmem.c.obj
 .debug_rnglists
                0x00000b14       0x19 CMakeFiles/CANLED1.dir/startup_stm32f303x8.s.obj
 .debug_rnglists
                0x00000b2d       0x19 /opt/st/stm32cubeclt_1.15.1/GNU-tools-for-STM32/bin/../lib/gcc/arm-none-eabi/12.3.1/../../../../arm-none-eabi/lib/thumb/v7e-m+fp/hard/libg_nano.a(libc_a-malloc.o)
 .debug_rnglists
                0x00000b46       0x13 /opt/st/stm32cubeclt_1.15.1/GNU-tools-for-STM32/bin/../lib/gcc/arm-none-eabi/12.3.1/../../../../arm-none-eabi/lib/thumb/v7e-m+fp/hard/libg_nano.a(libc_a-errno.o)

.debug_macro    0x00000000    0x1c701
 .debug_macro   0x00000000      0x2dd CMakeFiles/CANLED1.dir/Core/Src/main.c.obj
 .debug_macro   0x000002dd      0xab4 CMakeFiles/CANLED1.dir/Core/Src/main.c.obj
 .debug_macro   0x00000d91      0x164 CMakeFiles/CANLED1.dir/Core/Src/main.c.obj
 .debug_macro   0x00000ef5       0x2e CMakeFiles/CANLED1.dir/Core/Src/main.c.obj
 .debug_macro   0x00000f23       0x28 CMakeFiles/CANLED1.dir/Core/Src/main.c.obj
 .debug_macro   0x00000f4b       0x22 CMakeFiles/CANLED1.dir/Core/Src/main.c.obj
 .debug_macro   0x00000f6d       0x8e CMakeFiles/CANLED1.dir/Core/Src/main.c.obj
 .debug_macro   0x00000ffb       0x51 CMakeFiles/CANLED1.dir/Core/Src/main.c.obj
 .debug_macro   0x0000104c      0x103 CMakeFiles/CANLED1.dir/Core/Src/main.c.obj
 .debug_macro   0x0000114f       0x6a CMakeFiles/CANLED1.dir/Core/Src/main.c.obj
 .debug_macro   0x000011b9      0x1df CMakeFiles/CANLED1.dir/Core/Src/main.c.obj
 .debug_macro   0x00001398       0x1c CMakeFiles/CANLED1.dir/Core/Src/main.c.obj
 .debug_macro   0x000013b4       0x22 CMakeFiles/CANLED1.dir/Core/Src/main.c.obj
 .debug_macro   0x000013d6       0xd9 CMakeFiles/CANLED1.dir/Core/Src/main.c.obj
 .debug_macro   0x000014af      0xf07 CMakeFiles/CANLED1.dir/Core/Src/main.c.obj
 .debug_macro   0x000023b6    0x10be0 CMakeFiles/CANLED1.dir/Core/Src/main.c.obj
 .debug_macro   0x00012f96       0x6d CMakeFiles/CANLED1.dir/Core/Src/main.c.obj
 .debug_macro   0x00013003     0x3574 CMakeFiles/CANLED1.dir/Core/Src/main.c.obj
 .debug_macro   0x00016577      0x189 CMakeFiles/CANLED1.dir/Core/Src/main.c.obj
 .debug_macro   0x00016700       0x55 CMakeFiles/CANLED1.dir/Core/Src/main.c.obj
 .debug_macro   0x00016755      0x8f8 CMakeFiles/CANLED1.dir/Core/Src/main.c.obj
 .debug_macro   0x0001704d      0x304 CMakeFiles/CANLED1.dir/Core/Src/main.c.obj
 .debug_macro   0x00017351      0x1b5 CMakeFiles/CANLED1.dir/Core/Src/main.c.obj
 .debug_macro   0x00017506      0x11b CMakeFiles/CANLED1.dir/Core/Src/main.c.obj
 .debug_macro   0x00017621      0x1d5 CMakeFiles/CANLED1.dir/Core/Src/main.c.obj
 .debug_macro   0x000177f6      0x1bc CMakeFiles/CANLED1.dir/Core/Src/main.c.obj
 .debug_macro   0x000179b2       0x34 CMakeFiles/CANLED1.dir/Core/Src/main.c.obj
 .debug_macro   0x000179e6       0x3c CMakeFiles/CANLED1.dir/Core/Src/main.c.obj
 .debug_macro   0x00017a22       0x57 CMakeFiles/CANLED1.dir/Core/Src/main.c.obj
 .debug_macro   0x00017a79      0x408 CMakeFiles/CANLED1.dir/Core/Src/main.c.obj
 .debug_macro   0x00017e81       0xc5 CMakeFiles/CANLED1.dir/Core/Src/main.c.obj
 .debug_macro   0x00017f46      0x19f CMakeFiles/CANLED1.dir/Core/Src/main.c.obj
 .debug_macro   0x000180e5      0x22c CMakeFiles/CANLED1.dir/Core/Src/main.c.obj
 .debug_macro   0x00018311       0x5b CMakeFiles/CANLED1.dir/Core/Src/main.c.obj
 .debug_macro   0x0001836c       0xa5 CMakeFiles/CANLED1.dir/Core/Src/main.c.obj
 .debug_macro   0x00018411       0x81 CMakeFiles/CANLED1.dir/Core/Src/main.c.obj
 .debug_macro   0x00018492       0xd3 CMakeFiles/CANLED1.dir/Core/Src/main.c.obj
 .debug_macro   0x00018565      0xa60 CMakeFiles/CANLED1.dir/Core/Src/main.c.obj
 .debug_macro   0x00018fc5       0x59 CMakeFiles/CANLED1.dir/Core/Src/main.c.obj
 .debug_macro   0x0001901e      0x5ba CMakeFiles/CANLED1.dir/Core/Src/main.c.obj
 .debug_macro   0x000195d8       0x44 CMakeFiles/CANLED1.dir/Core/Src/main.c.obj
 .debug_macro   0x0001961c      0x285 CMakeFiles/CANLED1.dir/Core/Src/main.c.obj
 .debug_macro   0x000198a1       0x4c CMakeFiles/CANLED1.dir/Core/Src/main.c.obj
 .debug_macro   0x000198ed       0x2a CMakeFiles/CANLED1.dir/Core/Src/main.c.obj
 .debug_macro   0x00019917       0x74 CMakeFiles/CANLED1.dir/Core/Src/main.c.obj
 .debug_macro   0x0001998b       0x3c CMakeFiles/CANLED1.dir/Core/Src/main.c.obj
 .debug_macro   0x000199c7       0x34 CMakeFiles/CANLED1.dir/Core/Src/main.c.obj
 .debug_macro   0x000199fb       0x16 CMakeFiles/CANLED1.dir/Core/Src/main.c.obj
 .debug_macro   0x00019a11       0x35 CMakeFiles/CANLED1.dir/Core/Src/main.c.obj
 .debug_macro   0x00019a46       0x16 CMakeFiles/CANLED1.dir/Core/Src/main.c.obj
 .debug_macro   0x00019a5c       0x43 CMakeFiles/CANLED1.dir/Core/Src/main.c.obj
 .debug_macro   0x00019a9f       0x34 CMakeFiles/CANLED1.dir/Core/Src/main.c.obj
 .debug_macro   0x00019ad3       0x10 CMakeFiles/CANLED1.dir/Core/Src/main.c.obj
 .debug_macro   0x00019ae3       0x58 CMakeFiles/CANLED1.dir/Core/Src/main.c.obj
 .debug_macro   0x00019b3b      0x1de CMakeFiles/CANLED1.dir/Core/Src/main.c.obj
 .debug_macro   0x00019d19      0x369 CMakeFiles/CANLED1.dir/Core/Src/main.c.obj
 .debug_macro   0x0001a082       0x16 CMakeFiles/CANLED1.dir/Core/Src/main.c.obj
 .debug_macro   0x0001a098       0x29 CMakeFiles/CANLED1.dir/Core/Src/main.c.obj
 .debug_macro   0x0001a0c1      0x1e8 CMakeFiles/CANLED1.dir/Core/Src/gpio.c.obj
 .debug_macro   0x0001a2a9      0x1e8 CMakeFiles/CANLED1.dir/Core/Src/can.c.obj
 .debug_macro   0x0001a491      0x1e8 CMakeFiles/CANLED1.dir/Core/Src/dma.c.obj
 .debug_macro   0x0001a679      0x1e8 CMakeFiles/CANLED1.dir/Core/Src/tim.c.obj
 .debug_macro   0x0001a861      0x1e8 CMakeFiles/CANLED1.dir/Core/Src/usart.c.obj
 .debug_macro   0x0001aa49      0x1e8 CMakeFiles/CANLED1.dir/Core/Src/stm32f3xx_it.c.obj
 .debug_macro   0x0001ac31      0x1de CMakeFiles/CANLED1.dir/Core/Src/stm32f3xx_hal_msp.c.obj
 .debug_macro   0x0001ae0f      0x1de CMakeFiles/CANLED1.dir/Drivers/STM32F3xx_HAL_Driver/Src/stm32f3xx_hal_can.c.obj
 .debug_macro   0x0001afed      0x1f3 CMakeFiles/CANLED1.dir/Drivers/STM32F3xx_HAL_Driver/Src/stm32f3xx_hal.c.obj
 .debug_macro   0x0001b1e0      0x1f3 CMakeFiles/CANLED1.dir/Drivers/STM32F3xx_HAL_Driver/Src/stm32f3xx_hal_rcc.c.obj
 .debug_macro   0x0001b3d3      0x1cf CMakeFiles/CANLED1.dir/Drivers/STM32F3xx_HAL_Driver/Src/stm32f3xx_hal_rcc_ex.c.obj
 .debug_macro   0x0001b5a2      0x1d6 CMakeFiles/CANLED1.dir/Drivers/STM32F3xx_HAL_Driver/Src/stm32f3xx_hal_gpio.c.obj
 .debug_macro   0x0001b778      0x1cf CMakeFiles/CANLED1.dir/Drivers/STM32F3xx_HAL_Driver/Src/stm32f3xx_hal_dma.c.obj
 .debug_macro   0x0001b947      0x1cf CMakeFiles/CANLED1.dir/Drivers/STM32F3xx_HAL_Driver/Src/stm32f3xx_hal_cortex.c.obj
 .debug_macro   0x0001bb16      0x1d0 CMakeFiles/CANLED1.dir/Drivers/STM32F3xx_HAL_Driver/Src/stm32f3xx_hal_tim.c.obj
 .debug_macro   0x0001bce6      0x1cf CMakeFiles/CANLED1.dir/Drivers/STM32F3xx_HAL_Driver/Src/stm32f3xx_hal_tim_ex.c.obj
 .debug_macro   0x0001beb5      0x1ec CMakeFiles/CANLED1.dir/Drivers/STM32F3xx_HAL_Driver/Src/stm32f3xx_hal_uart.c.obj
 .debug_macro   0x0001c0a1      0x1cf CMakeFiles/CANLED1.dir/Core/Src/system_stm32f3xx.c.obj
 .debug_macro   0x0001c270       0xec CMakeFiles/CANLED1.dir/Core/Src/sysmem.c.obj
 .debug_macro   0x0001c35c       0x10 CMakeFiles/CANLED1.dir/Core/Src/sysmem.c.obj
 .debug_macro   0x0001c36c       0x6e CMakeFiles/CANLED1.dir/Core/Src/sysmem.c.obj
 .debug_macro   0x0001c3da       0x94 CMakeFiles/CANLED1.dir/Core/Src/sysmem.c.obj
 .debug_macro   0x0001c46e       0x57 CMakeFiles/CANLED1.dir/Core/Src/sysmem.c.obj
 .debug_macro   0x0001c4c5      0x23c CMakeFiles/CANLED1.dir/Core/Src/sysmem.c.obj

.debug_line     0x00000000    0x12c92
 .debug_line    0x00000000      0x9a7 CMakeFiles/CANLED1.dir/Core/Src/main.c.obj
 .debug_line    0x000009a7      0x6d9 CMakeFiles/CANLED1.dir/Core/Src/gpio.c.obj
 .debug_line    0x00001080      0x76a CMakeFiles/CANLED1.dir/Core/Src/can.c.obj
 .debug_line    0x000017ea      0x6c8 CMakeFiles/CANLED1.dir/Core/Src/dma.c.obj
 .debug_line    0x00001eb2      0x888 CMakeFiles/CANLED1.dir/Core/Src/tim.c.obj
 .debug_line    0x0000273a      0x7aa CMakeFiles/CANLED1.dir/Core/Src/usart.c.obj
 .debug_line    0x00002ee4      0x7bd CMakeFiles/CANLED1.dir/Core/Src/stm32f3xx_it.c.obj
 .debug_line    0x000036a1      0x6ca CMakeFiles/CANLED1.dir/Core/Src/stm32f3xx_hal_msp.c.obj
 .debug_line    0x00003d6b     0x1156 CMakeFiles/CANLED1.dir/Drivers/STM32F3xx_HAL_Driver/Src/stm32f3xx_hal_can.c.obj
 .debug_line    0x00004ec1      0x97c CMakeFiles/CANLED1.dir/Drivers/STM32F3xx_HAL_Driver/Src/stm32f3xx_hal.c.obj
 .debug_line    0x0000583d     0x1310 CMakeFiles/CANLED1.dir/Drivers/STM32F3xx_HAL_Driver/Src/stm32f3xx_hal_rcc.c.obj
 .debug_line    0x00006b4d      0xa06 CMakeFiles/CANLED1.dir/Drivers/STM32F3xx_HAL_Driver/Src/stm32f3xx_hal_rcc_ex.c.obj
 .debug_line    0x00007553      0xadf CMakeFiles/CANLED1.dir/Drivers/STM32F3xx_HAL_Driver/Src/stm32f3xx_hal_gpio.c.obj
 .debug_line    0x00008032      0xc66 CMakeFiles/CANLED1.dir/Drivers/STM32F3xx_HAL_Driver/Src/stm32f3xx_hal_dma.c.obj
 .debug_line    0x00008c98      0xb62 CMakeFiles/CANLED1.dir/Drivers/STM32F3xx_HAL_Driver/Src/stm32f3xx_hal_cortex.c.obj
 .debug_line    0x000097fa     0x3c5a CMakeFiles/CANLED1.dir/Drivers/STM32F3xx_HAL_Driver/Src/stm32f3xx_hal_tim.c.obj
 .debug_line    0x0000d454     0x19e8 CMakeFiles/CANLED1.dir/Drivers/STM32F3xx_HAL_Driver/Src/stm32f3xx_hal_tim_ex.c.obj
 .debug_line    0x0000ee3c     0x305a CMakeFiles/CANLED1.dir/Drivers/STM32F3xx_HAL_Driver/Src/stm32f3xx_hal_uart.c.obj
 .debug_line    0x00011e96      0x744 CMakeFiles/CANLED1.dir/Core/Src/system_stm32f3xx.c.obj
 .debug_line    0x000125da      0x2b8 CMakeFiles/CANLED1.dir/Core/Src/sysmem.c.obj
 .debug_line    0x00012892       0x7a CMakeFiles/CANLED1.dir/startup_stm32f303x8.s.obj
 .debug_line    0x0001290c      0x201 /opt/st/stm32cubeclt_1.15.1/GNU-tools-for-STM32/bin/../lib/gcc/arm-none-eabi/12.3.1/../../../../arm-none-eabi/lib/thumb/v7e-m+fp/hard/libg_nano.a(libc_a-malloc.o)
 .debug_line    0x00012b0d      0x185 /opt/st/stm32cubeclt_1.15.1/GNU-tools-for-STM32/bin/../lib/gcc/arm-none-eabi/12.3.1/../../../../arm-none-eabi/lib/thumb/v7e-m+fp/hard/libg_nano.a(libc_a-errno.o)

.debug_str      0x00000000    0xa7214
 .debug_str     0x00000000    0xa2db2 CMakeFiles/CANLED1.dir/Core/Src/main.c.obj
                              0xa3118 (size before relaxing)
 .debug_str     0x000a2db2      0x117 CMakeFiles/CANLED1.dir/Core/Src/gpio.c.obj
                              0x9fa18 (size before relaxing)
 .debug_str     0x000a2ec9      0x148 CMakeFiles/CANLED1.dir/Core/Src/can.c.obj
                              0x9fdce (size before relaxing)
 .debug_str     0x000a3011      0x2ab CMakeFiles/CANLED1.dir/Core/Src/dma.c.obj
                              0x9fc60 (size before relaxing)
 .debug_str     0x000a32bc      0x2bf CMakeFiles/CANLED1.dir/Core/Src/tim.c.obj
                              0xa01c2 (size before relaxing)
 .debug_str     0x000a357b      0x29a CMakeFiles/CANLED1.dir/Core/Src/usart.c.obj
                              0x9febb (size before relaxing)
 .debug_str     0x000a3815      0x138 CMakeFiles/CANLED1.dir/Core/Src/stm32f3xx_it.c.obj
                              0x9fbc8 (size before relaxing)
 .debug_str     0x000a394d       0x56 CMakeFiles/CANLED1.dir/Core/Src/stm32f3xx_hal_msp.c.obj
                              0x9f94d (size before relaxing)
 .debug_str     0x000a39a3      0x4b4 CMakeFiles/CANLED1.dir/Drivers/STM32F3xx_HAL_Driver/Src/stm32f3xx_hal_can.c.obj
                              0xa0099 (size before relaxing)
 .debug_str     0x000a3e57      0x3bb CMakeFiles/CANLED1.dir/Drivers/STM32F3xx_HAL_Driver/Src/stm32f3xx_hal.c.obj
                              0x9fffa (size before relaxing)
 .debug_str     0x000a4212      0x309 CMakeFiles/CANLED1.dir/Drivers/STM32F3xx_HAL_Driver/Src/stm32f3xx_hal_rcc.c.obj
                              0x9fdaa (size before relaxing)
 .debug_str     0x000a451b       0xf2 CMakeFiles/CANLED1.dir/Drivers/STM32F3xx_HAL_Driver/Src/stm32f3xx_hal_rcc_ex.c.obj
                              0x9faa9 (size before relaxing)
 .debug_str     0x000a460d      0x196 CMakeFiles/CANLED1.dir/Drivers/STM32F3xx_HAL_Driver/Src/stm32f3xx_hal_gpio.c.obj
                              0x9fae9 (size before relaxing)
 .debug_str     0x000a47a3      0x243 CMakeFiles/CANLED1.dir/Drivers/STM32F3xx_HAL_Driver/Src/stm32f3xx_hal_dma.c.obj
                              0x9fc52 (size before relaxing)
 .debug_str     0x000a49e6      0x2aa CMakeFiles/CANLED1.dir/Drivers/STM32F3xx_HAL_Driver/Src/stm32f3xx_hal_cortex.c.obj
                              0x9ff1f (size before relaxing)
 .debug_str     0x000a4c90      0xe0f CMakeFiles/CANLED1.dir/Drivers/STM32F3xx_HAL_Driver/Src/stm32f3xx_hal_tim.c.obj
                              0xa0d41 (size before relaxing)
 .debug_str     0x000a5a9f      0x42c CMakeFiles/CANLED1.dir/Drivers/STM32F3xx_HAL_Driver/Src/stm32f3xx_hal_tim_ex.c.obj
                              0xa0587 (size before relaxing)
 .debug_str     0x000a5ecb      0x895 CMakeFiles/CANLED1.dir/Drivers/STM32F3xx_HAL_Driver/Src/stm32f3xx_hal_uart.c.obj
                              0xa062d (size before relaxing)
 .debug_str     0x000a6760       0x7f CMakeFiles/CANLED1.dir/Core/Src/system_stm32f3xx.c.obj
                              0x9f90a (size before relaxing)
 .debug_str     0x000a67df      0x506 CMakeFiles/CANLED1.dir/Core/Src/sysmem.c.obj
                               0x5b0a (size before relaxing)
 .debug_str     0x000a6ce5       0x5f CMakeFiles/CANLED1.dir/startup_stm32f303x8.s.obj
                                 0x98 (size before relaxing)
 .debug_str     0x000a6d44      0x478 /opt/st/stm32cubeclt_1.15.1/GNU-tools-for-STM32/bin/../lib/gcc/arm-none-eabi/12.3.1/../../../../arm-none-eabi/lib/thumb/v7e-m+fp/hard/libg_nano.a(libc_a-malloc.o)
                                0x556 (size before relaxing)
 .debug_str     0x000a71bc       0x58 /opt/st/stm32cubeclt_1.15.1/GNU-tools-for-STM32/bin/../lib/gcc/arm-none-eabi/12.3.1/../../../../arm-none-eabi/lib/thumb/v7e-m+fp/hard/libg_nano.a(libc_a-errno.o)
                                0x52b (size before relaxing)

.debug_line_str
                0x00000000       0x7c
 .debug_line_str
                0x00000000       0x7c CMakeFiles/CANLED1.dir/startup_stm32f303x8.s.obj

.debug_loclists
                0x00000000       0x48
 .debug_loclists
                0x00000000       0x48 /opt/st/stm32cubeclt_1.15.1/GNU-tools-for-STM32/bin/../lib/gcc/arm-none-eabi/12.3.1/../../../../arm-none-eabi/lib/thumb/v7e-m+fp/hard/libg_nano.a(libc_a-malloc.o)
