Archive member included to satisfy reference by file (symbol)

/opt/st/stm32cubeclt_1.15.1/GNU-tools-for-STM32/bin/../lib/gcc/arm-none-eabi/12.3.1/../../../../arm-none-eabi/lib/thumb/v7e-m+fp/hard/libc_nano.a(libc_a-exit.o)
                              /opt/st/stm32cubeclt_1.15.1/GNU-tools-for-STM32/bin/../lib/gcc/arm-none-eabi/12.3.1/../../../../arm-none-eabi/lib/thumb/v7e-m+fp/hard/crt0.o (exit)
/opt/st/stm32cubeclt_1.15.1/GNU-tools-for-STM32/bin/../lib/gcc/arm-none-eabi/12.3.1/../../../../arm-none-eabi/lib/thumb/v7e-m+fp/hard/libc_nano.a(libc_a-findfp.o)
                              /opt/st/stm32cubeclt_1.15.1/GNU-tools-for-STM32/bin/../lib/gcc/arm-none-eabi/12.3.1/../../../../arm-none-eabi/lib/thumb/v7e-m+fp/hard/libc_nano.a(libc_a-exit.o) (__stdio_exit_handler)
/opt/st/stm32cubeclt_1.15.1/GNU-tools-for-STM32/bin/../lib/gcc/arm-none-eabi/12.3.1/../../../../arm-none-eabi/lib/thumb/v7e-m+fp/hard/libc_nano.a(libc_a-fwalk.o)
                              /opt/st/stm32cubeclt_1.15.1/GNU-tools-for-STM32/bin/../lib/gcc/arm-none-eabi/12.3.1/../../../../arm-none-eabi/lib/thumb/v7e-m+fp/hard/libc_nano.a(libc_a-findfp.o) (_fwalk_sglue)
/opt/st/stm32cubeclt_1.15.1/GNU-tools-for-STM32/bin/../lib/gcc/arm-none-eabi/12.3.1/../../../../arm-none-eabi/lib/thumb/v7e-m+fp/hard/libc_nano.a(libc_a-stdio.o)
                              /opt/st/stm32cubeclt_1.15.1/GNU-tools-for-STM32/bin/../lib/gcc/arm-none-eabi/12.3.1/../../../../arm-none-eabi/lib/thumb/v7e-m+fp/hard/libc_nano.a(libc_a-findfp.o) (__sread)
/opt/st/stm32cubeclt_1.15.1/GNU-tools-for-STM32/bin/../lib/gcc/arm-none-eabi/12.3.1/../../../../arm-none-eabi/lib/thumb/v7e-m+fp/hard/libc_nano.a(libc_a-memset.o)
                              /opt/st/stm32cubeclt_1.15.1/GNU-tools-for-STM32/bin/../lib/gcc/arm-none-eabi/12.3.1/../../../../arm-none-eabi/lib/thumb/v7e-m+fp/hard/crt0.o (memset)
/opt/st/stm32cubeclt_1.15.1/GNU-tools-for-STM32/bin/../lib/gcc/arm-none-eabi/12.3.1/../../../../arm-none-eabi/lib/thumb/v7e-m+fp/hard/libc_nano.a(libc_a-closer.o)
                              /opt/st/stm32cubeclt_1.15.1/GNU-tools-for-STM32/bin/../lib/gcc/arm-none-eabi/12.3.1/../../../../arm-none-eabi/lib/thumb/v7e-m+fp/hard/libc_nano.a(libc_a-stdio.o) (_close_r)
/opt/st/stm32cubeclt_1.15.1/GNU-tools-for-STM32/bin/../lib/gcc/arm-none-eabi/12.3.1/../../../../arm-none-eabi/lib/thumb/v7e-m+fp/hard/libc_nano.a(libc_a-reent.o)
                              /opt/st/stm32cubeclt_1.15.1/GNU-tools-for-STM32/bin/../lib/gcc/arm-none-eabi/12.3.1/../../../../arm-none-eabi/lib/thumb/v7e-m+fp/hard/libc_nano.a(libc_a-closer.o) (errno)
/opt/st/stm32cubeclt_1.15.1/GNU-tools-for-STM32/bin/../lib/gcc/arm-none-eabi/12.3.1/../../../../arm-none-eabi/lib/thumb/v7e-m+fp/hard/libc_nano.a(libc_a-impure.o)
                              /opt/st/stm32cubeclt_1.15.1/GNU-tools-for-STM32/bin/../lib/gcc/arm-none-eabi/12.3.1/../../../../arm-none-eabi/lib/thumb/v7e-m+fp/hard/libc_nano.a(libc_a-reent.o) (_impure_ptr)
/opt/st/stm32cubeclt_1.15.1/GNU-tools-for-STM32/bin/../lib/gcc/arm-none-eabi/12.3.1/../../../../arm-none-eabi/lib/thumb/v7e-m+fp/hard/libc_nano.a(libc_a-lseekr.o)
                              /opt/st/stm32cubeclt_1.15.1/GNU-tools-for-STM32/bin/../lib/gcc/arm-none-eabi/12.3.1/../../../../arm-none-eabi/lib/thumb/v7e-m+fp/hard/libc_nano.a(libc_a-stdio.o) (_lseek_r)
/opt/st/stm32cubeclt_1.15.1/GNU-tools-for-STM32/bin/../lib/gcc/arm-none-eabi/12.3.1/../../../../arm-none-eabi/lib/thumb/v7e-m+fp/hard/libc_nano.a(libc_a-readr.o)
                              /opt/st/stm32cubeclt_1.15.1/GNU-tools-for-STM32/bin/../lib/gcc/arm-none-eabi/12.3.1/../../../../arm-none-eabi/lib/thumb/v7e-m+fp/hard/libc_nano.a(libc_a-stdio.o) (_read_r)
/opt/st/stm32cubeclt_1.15.1/GNU-tools-for-STM32/bin/../lib/gcc/arm-none-eabi/12.3.1/../../../../arm-none-eabi/lib/thumb/v7e-m+fp/hard/libc_nano.a(libc_a-writer.o)
                              /opt/st/stm32cubeclt_1.15.1/GNU-tools-for-STM32/bin/../lib/gcc/arm-none-eabi/12.3.1/../../../../arm-none-eabi/lib/thumb/v7e-m+fp/hard/libc_nano.a(libc_a-stdio.o) (_write_r)
/opt/st/stm32cubeclt_1.15.1/GNU-tools-for-STM32/bin/../lib/gcc/arm-none-eabi/12.3.1/../../../../arm-none-eabi/lib/thumb/v7e-m+fp/hard/libc_nano.a(libc_a-init.o)
                              /opt/st/stm32cubeclt_1.15.1/GNU-tools-for-STM32/bin/../lib/gcc/arm-none-eabi/12.3.1/../../../../arm-none-eabi/lib/thumb/v7e-m+fp/hard/crt0.o (__libc_init_array)
/opt/st/stm32cubeclt_1.15.1/GNU-tools-for-STM32/bin/../lib/gcc/arm-none-eabi/12.3.1/../../../../arm-none-eabi/lib/thumb/v7e-m+fp/hard/libc_nano.a(libc_a-lock.o)
                              /opt/st/stm32cubeclt_1.15.1/GNU-tools-for-STM32/bin/../lib/gcc/arm-none-eabi/12.3.1/../../../../arm-none-eabi/lib/thumb/v7e-m+fp/hard/libc_nano.a(libc_a-findfp.o) (__retarget_lock_init_recursive)
/opt/st/stm32cubeclt_1.15.1/GNU-tools-for-STM32/bin/../lib/gcc/arm-none-eabi/12.3.1/../../../../arm-none-eabi/lib/thumb/v7e-m+fp/hard/libc_nano.a(libc_a-freer.o)
[...]
Memory Configuration

Name             Origin             Length             Attributes
RAM              0x20000000         0x00003000         xrw
CCMRAM           0x10000000         0x00001000         xrw
FLASH            0x08000000         0x00010000         xr
*default*        0x00000000         0xffffffff

Linker script and memory map

LOAD /opt/st/stm32cubeclt_1.15.1/GNU-tools-for-STM32/bin/../lib/gcc/arm-none-eabi/12.3.1/thumb/v7e-m+fp/hard/crti.o
LOAD /opt/st/stm32cubeclt_1.15.1/GNU-tools-for-STM32/bin/../lib/gcc/arm-none-eabi/12.3.1/thumb/v7e-m+fp/hard/crtbegin.o
LOAD /opt/st/stm32cubeclt_1.15.1/GNU-tools-for-STM32/bin/../lib/gcc/arm-none-eabi/12.3.1/../../../../arm-none-eabi/lib/thumb/v7e-m+fp/hard/crt0.o
START GROUP
LOAD /opt/st/stm32cubeclt_1.15.1/GNU-tools-for-STM32/bin/../lib/gcc/arm-none-eabi/12.3.1/../../../../arm-none-eabi/lib/thumb/v7e-m+fp/hard/libc_nano.a
LOAD /opt/st/stm32cubeclt_1.15.1/GNU-tools-for-STM32/bin/../lib/gcc/arm-none-eabi/12.3.1/../../../../arm-none-eabi/lib/thumb/v7e-m+fp/hard/libm.a
END GROUP
LOAD CMakeFiles/CANLED1.dir/Core/Src/main.c.obj
LOAD CMakeFiles/CANLED1.dir/Core/Src/gpio.c.obj
LOAD CMakeFiles/CANLED1.dir/Core/Src/can.c.obj
LOAD CMakeFiles/CANLED1.dir/Core/Src/dma.c.obj
LOAD CMakeFiles/CANLED1.dir/Core/Src/tim.c.obj
LOAD CMakeFiles/CANLED1.dir/Core/Src/usart.c.obj
LOAD CMakeFiles/CANLED1.dir/Core/Src/stm32f3xx_it.c.obj
LOAD CMakeFiles/CANLED1.dir/Core/Src/stm32f3xx_hal_msp.c.obj
LOAD CMakeFiles/CANLED1.dir/Drivers/STM32F3xx_HAL_Driver/Src/stm32f3xx_hal_can.c.obj
LOAD CMakeFiles/CANLED1.dir/Drivers/STM32F3xx_HAL_Driver/Src/stm32f3xx_hal.c.obj
LOAD CMakeFiles/CANLED1.dir/Drivers/STM32F3xx_HAL_Driver/Src/stm32f3xx_hal_rcc.c.obj
LOAD CMakeFiles/CANLED1.dir/Drivers/STM32F3xx_HAL_Driver/Src/stm32f3xx_hal_rcc_ex.c.obj
LOAD CMakeFiles/CANLED1.dir/Drivers/STM32F3xx_HAL_Driver/Src/stm32f3xx_hal_gpio.c.obj
LOAD CMakeFiles/CANLED1.dir/Drivers/STM32F3xx_HAL_Driver/Src/stm32f3xx_hal_dma.c.obj
LOAD CMakeFiles/CANLED1.dir/Drivers/STM32F3xx_HAL_Driver/Src/stm32f3xx_hal_cortex.c.obj
LOAD CMakeFiles/CANLED1.dir/Drivers/STM32F3xx_HAL_Driver/Src/stm32f3xx_hal_pwr.c.obj
LOAD CMakeFiles/CANLED1.dir/Drivers/STM32F3xx_HAL_Driver/Src/stm32f3xx_hal_pwr_ex.c.obj
LOAD CMakeFiles/CANLED1.dir/Drivers/STM32F3xx_HAL_Driver/Src/stm32f3xx_hal_flash.c.obj
LOAD CMakeFiles/CANLED1.dir/Drivers/STM32F3xx_HAL_Driver/Src/stm32f3xx_hal_flash_ex.c.obj
LOAD CMakeFiles/CANLED1.dir/Drivers/STM32F3xx_HAL_Driver/Src/stm32f3xx_hal_i2c.c.obj
LOAD CMakeFiles/CANLED1.dir/Drivers/STM32F3xx_HAL_Driver/Src/stm32f3xx_hal_i2c_ex.c.obj
LOAD CMakeFiles/CANLED1.dir/Drivers/STM32F3xx_HAL_Driver/Src/stm32f3xx_hal_exti.c.obj
LOAD CMakeFiles/CANLED1.dir/Drivers/STM32F3xx_HAL_Driver/Src/stm32f3xx_hal_tim.c.obj
LOAD CMakeFiles/CANLED1.dir/Drivers/STM32F3xx_HAL_Driver/Src/stm32f3xx_hal_tim_ex.c.obj
LOAD CMakeFiles/CANLED1.dir/Drivers/STM32F3xx_HAL_Driver/Src/stm32f3xx_hal_uart.c.obj
LOAD CMakeFiles/CANLED1.dir/Drivers/STM32F3xx_HAL_Driver/Src/stm32f3xx_hal_uart_ex.c.obj
LOAD CMakeFiles/CANLED1.dir/Core/Src/system_stm32f3xx.c.obj
LOAD CMakeFiles/CANLED1.dir/Core/Src/sysmem.c.obj
LOAD CMakeFiles/CANLED1.dir/Core/Src/syscalls.c.obj
LOAD CMakeFiles/CANLED1.dir/startup_stm32f303x8.s.obj
START GROUP
LOAD /opt/st/stm32cubeclt_1.15.1/GNU-tools-for-STM32/bin/../lib/gcc/arm-none-eabi/12.3.1/thumb/v7e-m+fp/hard/libgcc.a
LOAD /opt/st/stm32cubeclt_1.15.1/GNU-tools-for-STM32/bin/../lib/gcc/arm-none-eabi/12.3.1/../../../../arm-none-eabi/lib/thumb/v7e-m+fp/hard/libc_nano.a
END GROUP
START GROUP
LOAD /opt/st/stm32cubeclt_1.15.1/GNU-tools-for-STM32/bin/../lib/gcc/arm-none-eabi/12.3.1/thumb/v7e-m+fp/hard/libgcc.a
LOAD /opt/st/stm32cubeclt_1.15.1/GNU-tools-for-STM32/bin/../lib/gcc/arm-none-eabi/12.3.1/../../../../arm-none-eabi/lib/thumb/v7e-m+fp/hard/libc_nano.a
END GROUP
LOAD /opt/st/stm32cubeclt_1.15.1/GNU-tools-for-STM32/bin/../lib/gcc/arm-none-eabi/12.3.1/thumb/v7e-m+fp/hard/crtend.o
LOAD /opt/st/stm32cubeclt_1.15.1/GNU-tools-for-STM32/bin/../lib/gcc/arm-none-eabi/12.3.1/thumb/v7e-m+fp/hard/crtn.o
                0x20003000                        _estack = (ORIGIN (RAM) + LENGTH (RAM))
                0x00000200                        _Min_Heap_Size = 0x200
                0x00000400                        _Min_Stack_Size = 0x400

.isr_vector     0x08000000      0x188
                0x08000000                        . = ALIGN (0x4)
 *(.isr_vector)
 .isr_vector    0x08000000      0x188 CMakeFiles/CANLED1.dir/startup_stm32f303x8.s.obj
                0x08000000                g_pfnVectors
                0x08000188                        . = ALIGN (0x4)

.text           0x08000188     0x2930
                0x08000188                        . = ALIGN (0x4)
 *(.text)
 .text          0x08000188       0x40 /opt/st/stm32cubeclt_1.15.1/GNU-tools-for-STM32/bin/../lib/gcc/arm-none-eabi/12.3.1/thumb/v7e-m+fp/hard/crtbegin.o
 *(.text*)
 .text.memset   0x080001c8       0x10 /opt/st/stm32cubeclt_1.15.1/GNU-tools-for-STM32/bin/../lib/gcc/arm-none-eabi/12.3.1/../../../../arm-none-eabi/lib/thumb/v7e-m+fp/hard/libc_nano.a(libc_a-memset.o)
                0x080001c8                memset
 .text.__libc_init_array
                0x080001d8       0x48 /opt/st/stm32cubeclt_1.15.1/GNU-tools-for-STM32/bin/../lib/gcc/arm-none-eabi/12.3.1/../../../../arm-none-eabi/lib/thumb/v7e-m+fp/hard/libc_nano.a(libc_a-init.o)
                0x080001d8                __libc_init_array
 .text.SystemClock_Config
                0x08000220       0x7c CMakeFiles/CANLED1.dir/Core/Src/main.c.obj
                0x08000220                SystemClock_Config
 .text.HAL_TIM_PWM_PulseFinishedCallback
                0x0800029c       0x1c CMakeFiles/CANLED1.dir/Core/Src/main.c.obj
                0x0800029c                HAL_TIM_PWM_PulseFinishedCallback
 .text.ShiftLED
                0x080002b8       0x54 CMakeFiles/CANLED1.dir/Core/Src/main.c.obj
                0x080002b8                ShiftLED
 .text.UpdateLEDs
                0x0800030c       0x94 CMakeFiles/CANLED1.dir/Core/Src/main.c.obj
                0x0800030c                UpdateLEDs
 .text.startup.main
                0x080003a0       0xb4 CMakeFiles/CANLED1.dir/Core/Src/main.c.obj
                0x080003a0                main
 .text.HAL_CAN_RxFifo0MsgPendingCallback
                0x08000454       0x2c CMakeFiles/CANLED1.dir/Core/Src/main.c.obj
                0x08000454                HAL_CAN_RxFifo0MsgPendingCallback
 .text.Error_Handler
                0x08000480        0x4 CMakeFiles/CANLED1.dir/Core/Src/main.c.obj
                0x08000480                Error_Handler
 .text.MX_GPIO_Init
                0x08000484       0x74 CMakeFiles/CANLED1.dir/Core/Src/gpio.c.obj
                0x08000484                MX_GPIO_Init
 .text.MX_CAN_Init
                0x080004f8       0x60 CMakeFiles/CANLED1.dir/Core/Src/can.c.obj
                0x080004f8                MX_CAN_Init
 .text.HAL_CAN_MspInit
                0x08000558       0x94 CMakeFiles/CANLED1.dir/Core/Src/can.c.obj
                0x08000558                HAL_CAN_MspInit
 .text.MX_DMA_Init
                0x080005ec       0x40 CMakeFiles/CANLED1.dir/Core/Src/dma.c.obj
                0x080005ec                MX_DMA_Init
 .text.MX_TIM17_Init
                0x0800062c       0x34 CMakeFiles/CANLED1.dir/Core/Src/tim.c.obj
                0x0800062c                MX_TIM17_Init
 .text.HAL_TIM_PWM_MspInit
                0x08000660       0xa8 CMakeFiles/CANLED1.dir/Core/Src/tim.c.obj
                0x08000660                HAL_TIM_PWM_MspInit
 .text.HAL_TIM_Base_MspInit
                0x08000708       0x28 CMakeFiles/CANLED1.dir/Core/Src/tim.c.obj
                0x08000708                HAL_TIM_Base_MspInit
 .text.HAL_TIM_MspPostInit
                0x08000730       0x78 CMakeFiles/CANLED1.dir/Core/Src/tim.c.obj
                0x08000730                HAL_TIM_MspPostInit
 .text.MX_TIM1_Init
                0x080007a8       0xb8 CMakeFiles/CANLED1.dir/Core/Src/tim.c.obj
                0x080007a8                MX_TIM1_Init
 .text.MX_TIM2_Init
                0x08000860       0x70 CMakeFiles/CANLED1.dir/Core/Src/tim.c.obj
                0x08000860                MX_TIM2_Init
 .text.MX_USART1_UART_Init
                0x080008d0       0x3c CMakeFiles/CANLED1.dir/Core/Src/usart.c.obj
                0x080008d0                MX_USART1_UART_Init
 .text.MX_USART2_UART_Init
                0x0800090c       0x3c CMakeFiles/CANLED1.dir/Core/Src/usart.c.obj
                0x0800090c                MX_USART2_UART_Init
 .text.HAL_UART_MspInit
                0x08000948       0xa0 CMakeFiles/CANLED1.dir/Core/Src/usart.c.obj
                0x08000948                HAL_UART_MspInit
 .text.NMI_Handler
                0x080009e8        0x2 CMakeFiles/CANLED1.dir/Core/Src/stm32f3xx_it.c.obj
                0x080009e8                NMI_Handler
 .text.HardFault_Handler
                0x080009ea        0x2 CMakeFiles/CANLED1.dir/Core/Src/stm32f3xx_it.c.obj
                0x080009ea                HardFault_Handler
 .text.MemManage_Handler
                0x080009ec        0x2 CMakeFiles/CANLED1.dir/Core/Src/stm32f3xx_it.c.obj
                0x080009ec                MemManage_Handler
 .text.BusFault_Handler
                0x080009ee        0x2 CMakeFiles/CANLED1.dir/Core/Src/stm32f3xx_it.c.obj
                0x080009ee                BusFault_Handler
 .text.UsageFault_Handler
                0x080009f0        0x2 CMakeFiles/CANLED1.dir/Core/Src/stm32f3xx_it.c.obj
                0x080009f0                UsageFault_Handler
 .text.SVC_Handler
                0x080009f2        0x2 CMakeFiles/CANLED1.dir/Core/Src/stm32f3xx_it.c.obj
                0x080009f2                SVC_Handler
 .text.DebugMon_Handler
                0x080009f4        0x2 CMakeFiles/CANLED1.dir/Core/Src/stm32f3xx_it.c.obj
                0x080009f4                DebugMon_Handler
 .text.PendSV_Handler
                0x080009f6        0x2 CMakeFiles/CANLED1.dir/Core/Src/stm32f3xx_it.c.obj
                0x080009f6                PendSV_Handler
 .text.SysTick_Handler
                0x080009f8        0x4 CMakeFiles/CANLED1.dir/Core/Src/stm32f3xx_it.c.obj
                0x080009f8                SysTick_Handler
 .text.DMA1_Channel2_IRQHandler
                0x080009fc        0xc CMakeFiles/CANLED1.dir/Core/Src/stm32f3xx_it.c.obj
                0x080009fc                DMA1_Channel2_IRQHandler
 .text.DMA1_Channel5_IRQHandler
                0x08000a08        0xc CMakeFiles/CANLED1.dir/Core/Src/stm32f3xx_it.c.obj
                0x08000a08                DMA1_Channel5_IRQHandler
 .text.CAN_RX0_IRQHandler
                0x08000a14        0xc CMakeFiles/CANLED1.dir/Core/Src/stm32f3xx_it.c.obj
                0x08000a14                CAN_RX0_IRQHandler
 .text.HAL_MspInit
                0x08000a20       0x30 CMakeFiles/CANLED1.dir/Core/Src/stm32f3xx_hal_msp.c.obj
                0x08000a20                HAL_MspInit
 .text.HAL_CAN_Init
                0x08000a50       0xf6 CMakeFiles/CANLED1.dir/Drivers/STM32F3xx_HAL_Driver/Src/stm32f3xx_hal_can.c.obj
                0x08000a50                HAL_CAN_Init
 .text.HAL_CAN_ConfigFilter
                0x08000b46       0xdc CMakeFiles/CANLED1.dir/Drivers/STM32F3xx_HAL_Driver/Src/stm32f3xx_hal_can.c.obj
                0x08000b46                HAL_CAN_ConfigFilter
 .text.HAL_CAN_Start
                0x08000c22       0x56 CMakeFiles/CANLED1.dir/Drivers/STM32F3xx_HAL_Driver/Src/stm32f3xx_hal_can.c.obj
                0x08000c22                HAL_CAN_Start
 .text.HAL_CAN_GetRxMessage
                0x08000c78       0xf8 CMakeFiles/CANLED1.dir/Drivers/STM32F3xx_HAL_Driver/Src/stm32f3xx_hal_can.c.obj
                0x08000c78                HAL_CAN_GetRxMessage
 .text.HAL_CAN_ActivateNotification
                0x08000d70       0x22 CMakeFiles/CANLED1.dir/Drivers/STM32F3xx_HAL_Driver/Src/stm32f3xx_hal_can.c.obj
                0x08000d70                HAL_CAN_ActivateNotification
 .text.HAL_CAN_TxMailbox0CompleteCallback
                0x08000d92        0x2 CMakeFiles/CANLED1.dir/Drivers/STM32F3xx_HAL_Driver/Src/stm32f3xx_hal_can.c.obj
                0x08000d92                HAL_CAN_TxMailbox0CompleteCallback
 .text.HAL_CAN_TxMailbox1CompleteCallback
                0x08000d94        0x2 CMakeFiles/CANLED1.dir/Drivers/STM32F3xx_HAL_Driver/Src/stm32f3xx_hal_can.c.obj
                0x08000d94                HAL_CAN_TxMailbox1CompleteCallback
 .text.HAL_CAN_TxMailbox2CompleteCallback
                0x08000d96        0x2 CMakeFiles/CANLED1.dir/Drivers/STM32F3xx_HAL_Driver/Src/stm32f3xx_hal_can.c.obj
                0x08000d96                HAL_CAN_TxMailbox2CompleteCallback
 .text.HAL_CAN_TxMailbox0AbortCallback
                0x08000d98        0x2 CMakeFiles/CANLED1.dir/Drivers/STM32F3xx_HAL_Driver/Src/stm32f3xx_hal_can.c.obj
                0x08000d98                HAL_CAN_TxMailbox0AbortCallback
 .text.HAL_CAN_TxMailbox1AbortCallback
                0x08000d9a        0x2 CMakeFiles/CANLED1.dir/Drivers/STM32F3xx_HAL_Driver/Src/stm32f3xx_hal_can.c.obj
                0x08000d9a                HAL_CAN_TxMailbox1AbortCallback
 .text.HAL_CAN_TxMailbox2AbortCallback
                0x08000d9c        0x2 CMakeFiles/CANLED1.dir/Drivers/STM32F3xx_HAL_Driver/Src/stm32f3xx_hal_can.c.obj
                0x08000d9c                HAL_CAN_TxMailbox2AbortCallback
 .text.HAL_CAN_RxFifo0FullCallback
                0x08000d9e        0x2 CMakeFiles/CANLED1.dir/Drivers/STM32F3xx_HAL_Driver/Src/stm32f3xx_hal_can.c.obj
                0x08000d9e                HAL_CAN_RxFifo0FullCallback
 .text.HAL_CAN_RxFifo1MsgPendingCallback
                0x08000da0        0x2 CMakeFiles/CANLED1.dir/Drivers/STM32F3xx_HAL_Driver/Src/stm32f3xx_hal_can.c.obj
                0x08000da0                HAL_CAN_RxFifo1MsgPendingCallback
 .text.HAL_CAN_RxFifo1FullCallback
                0x08000da2        0x2 CMakeFiles/CANLED1.dir/Drivers/STM32F3xx_HAL_Driver/Src/stm32f3xx_hal_can.c.obj
                0x08000da2                HAL_CAN_RxFifo1FullCallback
 .text.HAL_CAN_SleepCallback
                0x08000da4        0x2 CMakeFiles/CANLED1.dir/Drivers/STM32F3xx_HAL_Driver/Src/stm32f3xx_hal_can.c.obj
                0x08000da4                HAL_CAN_SleepCallback
 .text.HAL_CAN_WakeUpFromRxMsgCallback
                0x08000da6        0x2 CMakeFiles/CANLED1.dir/Drivers/STM32F3xx_HAL_Driver/Src/stm32f3xx_hal_can.c.obj
                0x08000da6                HAL_CAN_WakeUpFromRxMsgCallback
 .text.HAL_CAN_ErrorCallback
                0x08000da8        0x2 CMakeFiles/CANLED1.dir/Drivers/STM32F3xx_HAL_Driver/Src/stm32f3xx_hal_can.c.obj
                0x08000da8                HAL_CAN_ErrorCallback
 .text.HAL_CAN_IRQHandler
                0x08000daa      0x20a CMakeFiles/CANLED1.dir/Drivers/STM32F3xx_HAL_Driver/Src/stm32f3xx_hal_can.c.obj
                0x08000daa                HAL_CAN_IRQHandler
 .text.HAL_InitTick
                0x08000fb4       0x48 CMakeFiles/CANLED1.dir/Drivers/STM32F3xx_HAL_Driver/Src/stm32f3xx_hal.c.obj
                0x08000fb4                HAL_InitTick
 .text.HAL_Init
                0x08000ffc       0x24 CMakeFiles/CANLED1.dir/Drivers/STM32F3xx_HAL_Driver/Src/stm32f3xx_hal.c.obj
                0x08000ffc                HAL_Init
 .text.HAL_IncTick
                0x08001020       0x18 CMakeFiles/CANLED1.dir/Drivers/STM32F3xx_HAL_Driver/Src/stm32f3xx_hal.c.obj
                0x08001020                HAL_IncTick
 .text.HAL_GetTick
                0x08001038        0xc CMakeFiles/CANLED1.dir/Drivers/STM32F3xx_HAL_Driver/Src/stm32f3xx_hal.c.obj
                0x08001038                HAL_GetTick
 .text.HAL_Delay
                0x08001044       0x28 CMakeFiles/CANLED1.dir/Drivers/STM32F3xx_HAL_Driver/Src/stm32f3xx_hal.c.obj
                0x08001044                HAL_Delay
 .text.HAL_RCC_OscConfig
                0x0800106c      0x4b8 CMakeFiles/CANLED1.dir/Drivers/STM32F3xx_HAL_Driver/Src/stm32f3xx_hal_rcc.c.obj
                0x0800106c                HAL_RCC_OscConfig
 .text.HAL_RCC_GetSysClockFreq
                0x08001524       0x48 CMakeFiles/CANLED1.dir/Drivers/STM32F3xx_HAL_Driver/Src/stm32f3xx_hal_rcc.c.obj
                0x08001524                HAL_RCC_GetSysClockFreq
 .text.HAL_RCC_ClockConfig
                0x0800156c      0x150 CMakeFiles/CANLED1.dir/Drivers/STM32F3xx_HAL_Driver/Src/stm32f3xx_hal_rcc.c.obj
                0x0800156c                HAL_RCC_ClockConfig
 .text.HAL_RCC_GetPCLK1Freq
                0x080016bc       0x30 CMakeFiles/CANLED1.dir/Drivers/STM32F3xx_HAL_Driver/Src/stm32f3xx_hal_rcc.c.obj
                0x080016bc                HAL_RCC_GetPCLK1Freq
 .text.HAL_RCC_GetPCLK2Freq
                0x080016ec       0x30 CMakeFiles/CANLED1.dir/Drivers/STM32F3xx_HAL_Driver/Src/stm32f3xx_hal_rcc.c.obj
                0x080016ec                HAL_RCC_GetPCLK2Freq
 .text.HAL_RCCEx_PeriphCLKConfig
                0x0800171c      0x14c CMakeFiles/CANLED1.dir/Drivers/STM32F3xx_HAL_Driver/Src/stm32f3xx_hal_rcc_ex.c.obj
                0x0800171c                HAL_RCCEx_PeriphCLKConfig
 .text.HAL_GPIO_Init
                0x08001868      0x17c CMakeFiles/CANLED1.dir/Drivers/STM32F3xx_HAL_Driver/Src/stm32f3xx_hal_gpio.c.obj
                0x08001868                HAL_GPIO_Init
 .text.HAL_GPIO_WritePin
                0x080019e4        0xa CMakeFiles/CANLED1.dir/Drivers/STM32F3xx_HAL_Driver/Src/stm32f3xx_hal_gpio.c.obj
                0x080019e4                HAL_GPIO_WritePin
 .text.HAL_GPIO_TogglePin
                0x080019ee       0x12 CMakeFiles/CANLED1.dir/Drivers/STM32F3xx_HAL_Driver/Src/stm32f3xx_hal_gpio.c.obj
                0x080019ee                HAL_GPIO_TogglePin
 .text.HAL_DMA_Init
                0x08001a00       0x5c CMakeFiles/CANLED1.dir/Drivers/STM32F3xx_HAL_Driver/Src/stm32f3xx_hal_dma.c.obj
                0x08001a00                HAL_DMA_Init
 .text.HAL_DMA_Start_IT
                0x08001a5c       0x76 CMakeFiles/CANLED1.dir/Drivers/STM32F3xx_HAL_Driver/Src/stm32f3xx_hal_dma.c.obj
                0x08001a5c                HAL_DMA_Start_IT
 .text.HAL_DMA_Abort_IT
                0x08001ad2       0x3e CMakeFiles/CANLED1.dir/Drivers/STM32F3xx_HAL_Driver/Src/stm32f3xx_hal_dma.c.obj
                0x08001ad2                HAL_DMA_Abort_IT
 .text.HAL_DMA_IRQHandler
                0x08001b10       0x8c CMakeFiles/CANLED1.dir/Drivers/STM32F3xx_HAL_Driver/Src/stm32f3xx_hal_dma.c.obj
                0x08001b10                HAL_DMA_IRQHandler
 .text.HAL_NVIC_SetPriorityGrouping
                0x08001b9c       0x24 CMakeFiles/CANLED1.dir/Drivers/STM32F3xx_HAL_Driver/Src/stm32f3xx_hal_cortex.c.obj
                0x08001b9c                HAL_NVIC_SetPriorityGrouping
 .text.HAL_NVIC_SetPriority
                0x08001bc0       0x64 CMakeFiles/CANLED1.dir/Drivers/STM32F3xx_HAL_Driver/Src/stm32f3xx_hal_cortex.c.obj
                0x08001bc0                HAL_NVIC_SetPriority
 .text.HAL_NVIC_EnableIRQ
                0x08001c24       0x1c CMakeFiles/CANLED1.dir/Drivers/STM32F3xx_HAL_Driver/Src/stm32f3xx_hal_cortex.c.obj
                0x08001c24                HAL_NVIC_EnableIRQ
 .text.HAL_SYSTICK_Config
                0x08001c40       0x28 CMakeFiles/CANLED1.dir/Drivers/STM32F3xx_HAL_Driver/Src/stm32f3xx_hal_cortex.c.obj
                0x08001c40                HAL_SYSTICK_Config
 .text.TIM_OC1_SetConfig
                0x08001c68       0x88 CMakeFiles/CANLED1.dir/Drivers/STM32F3xx_HAL_Driver/Src/stm32f3xx_hal_tim.c.obj
 .text.TIM_OC3_SetConfig
                0x08001cf0       0x74 CMakeFiles/CANLED1.dir/Drivers/STM32F3xx_HAL_Driver/Src/stm32f3xx_hal_tim.c.obj
 .text.TIM_OC4_SetConfig
                0x08001d64       0x60 CMakeFiles/CANLED1.dir/Drivers/STM32F3xx_HAL_Driver/Src/stm32f3xx_hal_tim.c.obj
 .text.TIM_OC5_SetConfig
                0x08001dc4       0x60 CMakeFiles/CANLED1.dir/Drivers/STM32F3xx_HAL_Driver/Src/stm32f3xx_hal_tim.c.obj
 .text.TIM_OC6_SetConfig
                0x08001e24       0x60 CMakeFiles/CANLED1.dir/Drivers/STM32F3xx_HAL_Driver/Src/stm32f3xx_hal_tim.c.obj
 .text.TIM_DMADelayPulseCplt
                0x08001e84       0x6a CMakeFiles/CANLED1.dir/Drivers/STM32F3xx_HAL_Driver/Src/stm32f3xx_hal_tim.c.obj
 .text.HAL_TIM_PWM_PulseFinishedHalfCpltCallback
                0x08001eee        0x2 CMakeFiles/CANLED1.dir/Drivers/STM32F3xx_HAL_Driver/Src/stm32f3xx_hal_tim.c.obj
                0x08001eee                HAL_TIM_PWM_PulseFinishedHalfCpltCallback
 .text.TIM_DMADelayPulseHalfCplt
                0x08001ef0       0x38 CMakeFiles/CANLED1.dir/Drivers/STM32F3xx_HAL_Driver/Src/stm32f3xx_hal_tim.c.obj
                0x08001ef0                TIM_DMADelayPulseHalfCplt
 .text.HAL_TIM_ErrorCallback
                0x08001f28        0x2 CMakeFiles/CANLED1.dir/Drivers/STM32F3xx_HAL_Driver/Src/stm32f3xx_hal_tim.c.obj
                0x08001f28                HAL_TIM_ErrorCallback
 .text.TIM_DMAError
                0x08001f2a       0x58 CMakeFiles/CANLED1.dir/Drivers/STM32F3xx_HAL_Driver/Src/stm32f3xx_hal_tim.c.obj
                0x08001f2a                TIM_DMAError
 *fill*         0x08001f82        0x2 
 .text.TIM_Base_SetConfig
                0x08001f84       0xa4 CMakeFiles/CANLED1.dir/Drivers/STM32F3xx_HAL_Driver/Src/stm32f3xx_hal_tim.c.obj
                0x08001f84                TIM_Base_SetConfig
 .text.HAL_TIM_Base_Init
                0x08002028       0x60 CMakeFiles/CANLED1.dir/Drivers/STM32F3xx_HAL_Driver/Src/stm32f3xx_hal_tim.c.obj
                0x08002028                HAL_TIM_Base_Init
 .text.HAL_TIM_PWM_Init
                0x08002088       0x60 CMakeFiles/CANLED1.dir/Drivers/STM32F3xx_HAL_Driver/Src/stm32f3xx_hal_tim.c.obj
                0x08002088                HAL_TIM_PWM_Init
 .text.TIM_OC2_SetConfig
                0x080020e8       0x78 CMakeFiles/CANLED1.dir/Drivers/STM32F3xx_HAL_Driver/Src/stm32f3xx_hal_tim.c.obj
                0x080020e8                TIM_OC2_SetConfig
 .text.HAL_TIM_PWM_ConfigChannel
                0x08002160       0xf8 CMakeFiles/CANLED1.dir/Drivers/STM32F3xx_HAL_Driver/Src/stm32f3xx_hal_tim.c.obj
                0x08002160                HAL_TIM_PWM_ConfigChannel
 .text.TIM_CCxChannelCmd
                0x08002258       0x1c CMakeFiles/CANLED1.dir/Drivers/STM32F3xx_HAL_Driver/Src/stm32f3xx_hal_tim.c.obj
                0x08002258                TIM_CCxChannelCmd
 .text.HAL_TIM_OC_Start_DMA
                0x08002274      0x1f4 CMakeFiles/CANLED1.dir/Drivers/STM32F3xx_HAL_Driver/Src/stm32f3xx_hal_tim.c.obj
                0x08002274                HAL_TIM_OC_Start_DMA
 .text.HAL_TIM_PWM_Start_DMA
                0x08002468        0x4 CMakeFiles/CANLED1.dir/Drivers/STM32F3xx_HAL_Driver/Src/stm32f3xx_hal_tim.c.obj
                0x08002468                HAL_TIM_PWM_Start_DMA
 .text.HAL_TIM_OC_Stop_DMA
                0x0800246c       0xf8 CMakeFiles/CANLED1.dir/Drivers/STM32F3xx_HAL_Driver/Src/stm32f3xx_hal_tim.c.obj
                0x0800246c                HAL_TIM_OC_Stop_DMA
 .text.HAL_TIM_PWM_Stop_DMA
                0x08002564        0x4 CMakeFiles/CANLED1.dir/Drivers/STM32F3xx_HAL_Driver/Src/stm32f3xx_hal_tim.c.obj
                0x08002564                HAL_TIM_PWM_Stop_DMA
 .text.HAL_TIMEx_MasterConfigSynchronization
                0x08002568       0x6c CMakeFiles/CANLED1.dir/Drivers/STM32F3xx_HAL_Driver/Src/stm32f3xx_hal_tim_ex.c.obj
                0x08002568                HAL_TIMEx_MasterConfigSynchronization
 .text.HAL_TIMEx_ConfigBreakDeadTime
                0x080025d4       0x7c CMakeFiles/CANLED1.dir/Drivers/STM32F3xx_HAL_Driver/Src/stm32f3xx_hal_tim_ex.c.obj
                0x080025d4                HAL_TIMEx_ConfigBreakDeadTime
 .text.UART_EndRxTransfer
                0x08002650       0x50 CMakeFiles/CANLED1.dir/Drivers/STM32F3xx_HAL_Driver/Src/stm32f3xx_hal_uart.c.obj
 .text.UART_SetConfig
                0x080026a0      0x134 CMakeFiles/CANLED1.dir/Drivers/STM32F3xx_HAL_Driver/Src/stm32f3xx_hal_uart.c.obj
                0x080026a0                UART_SetConfig
 .text.UART_AdvFeatureConfig
                0x080027d4       0xa8 CMakeFiles/CANLED1.dir/Drivers/STM32F3xx_HAL_Driver/Src/stm32f3xx_hal_uart.c.obj
                0x080027d4                UART_AdvFeatureConfig
 .text.UART_WaitOnFlagUntilTimeout
                0x0800287c       0x90 CMakeFiles/CANLED1.dir/Drivers/STM32F3xx_HAL_Driver/Src/stm32f3xx_hal_uart.c.obj
                0x0800287c                UART_WaitOnFlagUntilTimeout
 .text.UART_CheckIdleState
                0x0800290c       0xb2 CMakeFiles/CANLED1.dir/Drivers/STM32F3xx_HAL_Driver/Src/stm32f3xx_hal_uart.c.obj
                0x0800290c                UART_CheckIdleState
 .text.HAL_UART_Init
                0x080029be       0x5c CMakeFiles/CANLED1.dir/Drivers/STM32F3xx_HAL_Driver/Src/stm32f3xx_hal_uart.c.obj
                0x080029be                HAL_UART_Init
 *fill*         0x08002a1a        0x2 
 .text.SystemInit
                0x08002a1c       0x14 CMakeFiles/CANLED1.dir/Core/Src/system_stm32f3xx.c.obj
                0x08002a1c                SystemInit
 .text.Reset_Handler
                0x08002a30       0x50 CMakeFiles/CANLED1.dir/startup_stm32f303x8.s.obj
                0x08002a30                Reset_Handler
 .text.Default_Handler
                0x08002a80        0x2 CMakeFiles/CANLED1.dir/startup_stm32f303x8.s.obj
                0x08002a80                RTC_Alarm_IRQHandler
                0x08002a80                TIM1_CC_IRQHandler
                0x08002a80                PVD_IRQHandler
                0x08002a80                TAMP_STAMP_IRQHandler
                0x08002a80                EXTI3_IRQHandler
                0x08002a80                EXTI0_IRQHandler
                0x08002a80                FPU_IRQHandler
                0x08002a80                CAN_TX_IRQHandler
                0x08002a80                TIM1_UP_TIM16_IRQHandler
                0x08002a80                ADC1_2_IRQHandler
                0x08002a80                SPI1_IRQHandler
                0x08002a80                CAN_SCE_IRQHandler
                0x08002a80                DMA1_Channel4_IRQHandler
                0x08002a80                USART3_IRQHandler
                0x08002a80                DMA1_Channel7_IRQHandler
                0x08002a80                TIM7_DAC2_IRQHandler
                0x08002a80                CAN_RX1_IRQHandler
                0x08002a80                I2C1_EV_IRQHandler
                0x08002a80                DMA1_Channel6_IRQHandler
                0x08002a80                TIM3_IRQHandler
                0x08002a80                RCC_IRQHandler
                0x08002a80                DMA1_Channel1_IRQHandler
                0x08002a80                Default_Handler
                0x08002a80                EXTI15_10_IRQHandler
                0x08002a80                COMP2_IRQHandler
                0x08002a80                TIM6_DAC1_IRQHandler
                0x08002a80                EXTI9_5_IRQHandler
                0x08002a80                RTC_WKUP_IRQHandler
                0x08002a80                EXTI4_IRQHandler
                0x08002a80                TIM1_TRG_COM_TIM17_IRQHandler
                0x08002a80                DMA1_Channel3_IRQHandler
                0x08002a80                WWDG_IRQHandler
                0x08002a80                TIM2_IRQHandler
                0x08002a80                EXTI1_IRQHandler
                0x08002a80                COMP4_6_IRQHandler
                0x08002a80                USART2_IRQHandler
                0x08002a80                FLASH_IRQHandler
                0x08002a80                USART1_IRQHandler
                0x08002a80                I2C1_ER_IRQHandler
                0x08002a80                EXTI2_TSC_IRQHandler
                0x08002a80                TIM1_BRK_TIM15_IRQHandler
 .text.memcpy   0x08002a82       0x1c /opt/st/stm32cubeclt_1.15.1/GNU-tools-for-STM32/bin/../lib/gcc/arm-none-eabi/12.3.1/../../../../arm-none-eabi/lib/thumb/v7e-m+fp/hard/libc_nano.a(libc_a-memcpy-stub.o)
                0x08002a82                memcpy
 *(.glue_7)
 .glue_7        0x08002a9e        0x0 linker stubs
 *(.glue_7t)
 .glue_7t       0x08002a9e        0x0 linker stubs
 *(.eh_frame)
 *fill*         0x08002a9e        0x2 
 .eh_frame      0x08002aa0        0x0 /opt/st/stm32cubeclt_1.15.1/GNU-tools-for-STM32/bin/../lib/gcc/arm-none-eabi/12.3.1/thumb/v7e-m+fp/hard/crtbegin.o
 *(.init)
 .init          0x08002aa0        0x4 /opt/st/stm32cubeclt_1.15.1/GNU-tools-for-STM32/bin/../lib/gcc/arm-none-eabi/12.3.1/thumb/v7e-m+fp/hard/crti.o
                0x08002aa0                _init
 .init          0x08002aa4        0x8 /opt/st/stm32cubeclt_1.15.1/GNU-tools-for-STM32/bin/../lib/gcc/arm-none-eabi/12.3.1/thumb/v7e-m+fp/hard/crtn.o
 *(.fini)
 .fini          0x08002aac        0x4 /opt/st/stm32cubeclt_1.15.1/GNU-tools-for-STM32/bin/../lib/gcc/arm-none-eabi/12.3.1/thumb/v7e-m+fp/hard/crti.o
                0x08002aac                _fini
 .fini          0x08002ab0        0x8 /opt/st/stm32cubeclt_1.15.1/GNU-tools-for-STM32/bin/../lib/gcc/arm-none-eabi/12.3.1/thumb/v7e-m+fp/hard/crtn.o
                0x08002ab8                        . = ALIGN (0x4)
                0x08002ab8                        _etext = .

.vfp11_veneer   0x08002ab8        0x0
 .vfp11_veneer  0x08002ab8        0x0 linker stubs

.v4_bx          0x08002ab8        0x0
 .v4_bx         0x08002ab8        0x0 linker stubs

.iplt           0x08002ab8        0x0
 .iplt          0x08002ab8        0x0 /opt/st/stm32cubeclt_1.15.1/GNU-tools-for-STM32/bin/../lib/gcc/arm-none-eabi/12.3.1/thumb/v7e-m+fp/hard/crtbegin.o

.rodata         0x08002ab8       0x3c
                0x08002ab8                        . = ALIGN (0x4)
 *(.rodata)
 *(.rodata*)
 .rodata.aPredivFactorTable
                0x08002ab8       0x10 CMakeFiles/CANLED1.dir/Drivers/STM32F3xx_HAL_Driver/Src/stm32f3xx_hal_rcc.c.obj
 .rodata.aPLLMULFactorTable
                0x08002ac8       0x10 CMakeFiles/CANLED1.dir/Drivers/STM32F3xx_HAL_Driver/Src/stm32f3xx_hal_rcc.c.obj
 .rodata.CSWTCH.53
                0x08002ad8        0x3 CMakeFiles/CANLED1.dir/Drivers/STM32F3xx_HAL_Driver/Src/stm32f3xx_hal_uart.c.obj
 .rodata.APBPrescTable
                0x08002adb        0x8 CMakeFiles/CANLED1.dir/Core/Src/system_stm32f3xx.c.obj
                0x08002adb                APBPrescTable
 .rodata.AHBPrescTable
                0x08002ae3       0x10 CMakeFiles/CANLED1.dir/Core/Src/system_stm32f3xx.c.obj
                0x08002ae3                AHBPrescTable
                0x08002af4                        . = ALIGN (0x4)
 *fill*         0x08002af3        0x1 

.rel.dyn        0x08002af4        0x0
 .rel.iplt      0x08002af4        0x0 /opt/st/stm32cubeclt_1.15.1/GNU-tools-for-STM32/bin/../lib/gcc/arm-none-eabi/12.3.1/thumb/v7e-m+fp/hard/crtbegin.o

.ARM.extab
 *(.ARM.extab* .gnu.linkonce.armextab.*)

.ARM            0x08002af4        0x0
                0x08002af4                        __exidx_start = .
 *(.ARM.exidx*)
                0x08002af4                        __exidx_end = .

.preinit_array  0x08002af4        0x0
                0x08002af4                        PROVIDE (__preinit_array_start = .)
 *(.preinit_array*)
                0x08002af4                        PROVIDE (__preinit_array_end = .)

.init_array     0x08002af4        0x4
                0x08002af4                        PROVIDE (__init_array_start = .)
 *(SORT_BY_NAME(.init_array.*))
 *(.init_array*)
 .init_array    0x08002af4        0x4 /opt/st/stm32cubeclt_1.15.1/GNU-tools-for-STM32/bin/../lib/gcc/arm-none-eabi/12.3.1/thumb/v7e-m+fp/hard/crtbegin.o
                0x08002af8                        PROVIDE (__init_array_end = .)

.fini_array     0x08002af8        0x4
                [!provide]                        PROVIDE (__fini_array_start = .)
 *(SORT_BY_NAME(.fini_array.*))
 *(.fini_array*)
 .fini_array    0x08002af8        0x4 /opt/st/stm32cubeclt_1.15.1/GNU-tools-for-STM32/bin/../lib/gcc/arm-none-eabi/12.3.1/thumb/v7e-m+fp/hard/crtbegin.o
                [!provide]                        PROVIDE (__fini_array_end = .)
                0x08002afc                        _sidata = LOADADDR (.data)

.data           0x20000000        0xc load address 0x08002afc
                0x20000000                        . = ALIGN (0x4)
                0x20000000                        _sdata = .
 *(.data)
 *(.data*)
 .data.uwTickFreq
                0x20000000        0x1 CMakeFiles/CANLED1.dir/Drivers/STM32F3xx_HAL_Driver/Src/stm32f3xx_hal.c.obj
                0x20000000                uwTickFreq
 *fill*         0x20000001        0x3 
 .data.uwTickPrio
                0x20000004        0x4 CMakeFiles/CANLED1.dir/Drivers/STM32F3xx_HAL_Driver/Src/stm32f3xx_hal.c.obj
                0x20000004                uwTickPrio
 .data.SystemCoreClock
                0x20000008        0x4 CMakeFiles/CANLED1.dir/Core/Src/system_stm32f3xx.c.obj
                0x20000008                SystemCoreClock
                0x2000000c                        . = ALIGN (0x4)
                0x2000000c                        _edata = .
                0x08002b08                        _siccmram = LOADADDR (.ccmram)

.igot.plt       0x2000000c        0x0 load address 0x08002b08
 .igot.plt      0x2000000c        0x0 /opt/st/stm32cubeclt_1.15.1/GNU-tools-for-STM32/bin/../lib/gcc/arm-none-eabi/12.3.1/thumb/v7e-m+fp/hard/crtbegin.o

.ccmram         0x10000000        0x0 load address 0x08002b08
                0x10000000                        . = ALIGN (0x4)
                0x10000000                        _sccmram = .
 *(.ccmram)
 *(.ccmram*)
                0x10000000                        . = ALIGN (0x4)
                0x10000000                        _eccmram = .
                0x10000000                        . = ALIGN (0x4)

.bss            0x2000000c      0xe08
                0x2000000c                        _sbss = .
                0x2000000c                        __bss_start__ = _sbss
 *(.bss)
 .bss           0x2000000c       0x1c /opt/st/stm32cubeclt_1.15.1/GNU-tools-for-STM32/bin/../lib/gcc/arm-none-eabi/12.3.1/thumb/v7e-m+fp/hard/crtbegin.o
 *(.bss*)
 .bss.Array     0x20000028      0xb10 CMakeFiles/CANLED1.dir/Core/Src/main.c.obj
                0x20000028                Array
 .bss.ARY       0x20000b38        0xa CMakeFiles/CANLED1.dir/Core/Src/main.c.obj
                0x20000b38                ARY
 .bss.RxData    0x20000b42        0x8 CMakeFiles/CANLED1.dir/Core/Src/main.c.obj
                0x20000b42                RxData
 *fill*         0x20000b4a        0x2 
 .bss.RxHeader  0x20000b4c       0x1c CMakeFiles/CANLED1.dir/Core/Src/main.c.obj
                0x20000b4c                RxHeader
 .bss.CANmsgReady
                0x20000b68        0x1 CMakeFiles/CANLED1.dir/Core/Src/main.c.obj
                0x20000b68                CANmsgReady
 *fill*         0x20000b69        0x3 
 .bss.hcan      0x20000b6c       0x28 CMakeFiles/CANLED1.dir/Core/Src/can.c.obj
                0x20000b6c                hcan
 .bss.hdma_tim2_ch1
                0x20000b94       0x44 CMakeFiles/CANLED1.dir/Core/Src/tim.c.obj
                0x20000b94                hdma_tim2_ch1
 .bss.hdma_tim1_ch1
                0x20000bd8       0x44 CMakeFiles/CANLED1.dir/Core/Src/tim.c.obj
                0x20000bd8                hdma_tim1_ch1
 .bss.htim17    0x20000c1c       0x4c CMakeFiles/CANLED1.dir/Core/Src/tim.c.obj
                0x20000c1c                htim17
 .bss.htim2     0x20000c68       0x4c CMakeFiles/CANLED1.dir/Core/Src/tim.c.obj
                0x20000c68                htim2
 .bss.htim1     0x20000cb4       0x4c CMakeFiles/CANLED1.dir/Core/Src/tim.c.obj
                0x20000cb4                htim1
 .bss.huart2    0x20000d00       0x88 CMakeFiles/CANLED1.dir/Core/Src/usart.c.obj
                0x20000d00                huart2
 .bss.huart1    0x20000d88       0x88 CMakeFiles/CANLED1.dir/Core/Src/usart.c.obj
                0x20000d88                huart1
 .bss.uwTick    0x20000e10        0x4 CMakeFiles/CANLED1.dir/Drivers/STM32F3xx_HAL_Driver/Src/stm32f3xx_hal.c.obj
                0x20000e10                uwTick
 *(COMMON)
                0x20000e14                        . = ALIGN (0x4)
                0x20000e14                        _ebss = .
                0x20000e14                        __bss_end__ = _ebss

._user_heap_stack
                0x20000e14      0x604
                0x20000e18                        . = ALIGN (0x8)
 *fill*         0x20000e14        0x4 
                [!provide]                        PROVIDE (end = .)
                0x20000e18                        PROVIDE (_end = .)
                0x20001018                        . = (. + _Min_Heap_Size)
 *fill*         0x20000e18      0x200 
                0x20001418                        . = (. + _Min_Stack_Size)
 *fill*         0x20001018      0x400 
                0x20001418                        . = ALIGN (0x8)

/DISCARD/
 libc.a(*)
 libm.a(*)
 libgcc.a(*)
OUTPUT(CANLED1.elf elf32-littlearm)
LOAD linker stubs
LOAD /opt/st/stm32cubeclt_1.15.1/GNU-tools-for-STM32/bin/../lib/gcc/arm-none-eabi/12.3.1/../../../../arm-none-eabi/lib/thumb/v7e-m+fp/hard/libc.a
LOAD /opt/st/stm32cubeclt_1.15.1/GNU-tools-for-STM32/bin/../lib/gcc/arm-none-eabi/12.3.1/../../../../arm-none-eabi/lib/thumb/v7e-m+fp/hard/libm.a
LOAD /opt/st/stm32cubeclt_1.15.1/GNU-tools-for-STM32/bin/../lib/gcc/arm-none-eabi/12.3.1/thumb/v7e-m+fp/hard/libgcc.a

.ARM.attributes
                0x00000000       0x30
 .ARM.attributes
                0x00000000       0x22 /opt/st/stm32cubeclt_1.15.1/GNU-tools-for-STM32/bin/../lib/gcc/arm-none-eabi/12.3.1/thumb/v7e-m+fp/hard/crti.o
 .ARM.attributes
                0x00000022       0x34 /opt/st/stm32cubeclt_1.15.1/GNU-tools-for-STM32/bin/../lib/gcc/arm-none-eabi/12.3.1/thumb/v7e-m+fp/hard/crtbegin.o
 .ARM.attributes
                0x00000056       0x34 /opt/st/stm32cubeclt_1.15.1/GNU-tools-for-STM32/bin/../lib/gcc/arm-none-eabi/12.3.1/../../../../arm-none-eabi/lib/thumb/v7e-m+fp/hard/libc_nano.a(libc_a-memset.o)
 .ARM.attributes
                0x0000008a       0x34 /opt/st/stm32cubeclt_1.15.1/GNU-tools-for-STM32/bin/../lib/gcc/arm-none-eabi/12.3.1/../../../../arm-none-eabi/lib/thumb/v7e-m+fp/hard/libc_nano.a(libc_a-init.o)
 .ARM.attributes
                0x000000be       0x34 CMakeFiles/CANLED1.dir/Core/Src/main.c.obj
 .ARM.attributes
                0x000000f2       0x34 CMakeFiles/CANLED1.dir/Core/Src/gpio.c.obj
 .ARM.attributes
                0x00000126       0x34 CMakeFiles/CANLED1.dir/Core/Src/can.c.obj
 .ARM.attributes
                0x0000015a       0x34 CMakeFiles/CANLED1.dir/Core/Src/dma.c.obj
 .ARM.attributes
                0x0000018e       0x34 CMakeFiles/CANLED1.dir/Core/Src/tim.c.obj
 .ARM.attributes
                0x000001c2       0x34 CMakeFiles/CANLED1.dir/Core/Src/usart.c.obj
 .ARM.attributes
                0x000001f6       0x34 CMakeFiles/CANLED1.dir/Core/Src/stm32f3xx_it.c.obj
 .ARM.attributes
                0x0000022a       0x34 CMakeFiles/CANLED1.dir/Core/Src/stm32f3xx_hal_msp.c.obj
 .ARM.attributes
                0x0000025e       0x34 CMakeFiles/CANLED1.dir/Drivers/STM32F3xx_HAL_Driver/Src/stm32f3xx_hal_can.c.obj
 .ARM.attributes
                0x00000292       0x34 CMakeFiles/CANLED1.dir/Drivers/STM32F3xx_HAL_Driver/Src/stm32f3xx_hal.c.obj
 .ARM.attributes
                0x000002c6       0x34 CMakeFiles/CANLED1.dir/Drivers/STM32F3xx_HAL_Driver/Src/stm32f3xx_hal_rcc.c.obj
 .ARM.attributes
                0x000002fa       0x34 CMakeFiles/CANLED1.dir/Drivers/STM32F3xx_HAL_Driver/Src/stm32f3xx_hal_rcc_ex.c.obj
 .ARM.attributes
                0x0000032e       0x34 CMakeFiles/CANLED1.dir/Drivers/STM32F3xx_HAL_Driver/Src/stm32f3xx_hal_gpio.c.obj
 .ARM.attributes
                0x00000362       0x34 CMakeFiles/CANLED1.dir/Drivers/STM32F3xx_HAL_Driver/Src/stm32f3xx_hal_dma.c.obj
 .ARM.attributes
                0x00000396       0x34 CMakeFiles/CANLED1.dir/Drivers/STM32F3xx_HAL_Driver/Src/stm32f3xx_hal_cortex.c.obj
 .ARM.attributes
                0x000003ca       0x34 CMakeFiles/CANLED1.dir/Drivers/STM32F3xx_HAL_Driver/Src/stm32f3xx_hal_tim.c.obj
 .ARM.attributes
                0x000003fe       0x34 CMakeFiles/CANLED1.dir/Drivers/STM32F3xx_HAL_Driver/Src/stm32f3xx_hal_tim_ex.c.obj
 .ARM.attributes
                0x00000432       0x34 CMakeFiles/CANLED1.dir/Drivers/STM32F3xx_HAL_Driver/Src/stm32f3xx_hal_uart.c.obj
 .ARM.attributes
                0x00000466       0x34 CMakeFiles/CANLED1.dir/Core/Src/system_stm32f3xx.c.obj
 .ARM.attributes
                0x0000049a       0x21 CMakeFiles/CANLED1.dir/startup_stm32f303x8.s.obj
 .ARM.attributes
                0x000004bb       0x34 /opt/st/stm32cubeclt_1.15.1/GNU-tools-for-STM32/bin/../lib/gcc/arm-none-eabi/12.3.1/../../../../arm-none-eabi/lib/thumb/v7e-m+fp/hard/libc_nano.a(libc_a-memcpy-stub.o)
 .ARM.attributes
                0x000004ef       0x22 /opt/st/stm32cubeclt_1.15.1/GNU-tools-for-STM32/bin/../lib/gcc/arm-none-eabi/12.3.1/thumb/v7e-m+fp/hard/crtn.o

.comment        0x00000000       0x43
 .comment       0x00000000       0x43 CMakeFiles/CANLED1.dir/Core/Src/main.c.obj
                                 0x44 (size before relaxing)
 .comment       0x00000043       0x44 CMakeFiles/CANLED1.dir/Core/Src/gpio.c.obj
 .comment       0x00000043       0x44 CMakeFiles/CANLED1.dir/Core/Src/can.c.obj
 .comment       0x00000043       0x44 CMakeFiles/CANLED1.dir/Core/Src/dma.c.obj
 .comment       0x00000043       0x44 CMakeFiles/CANLED1.dir/Core/Src/tim.c.obj
 .comment       0x00000043       0x44 CMakeFiles/CANLED1.dir/Core/Src/usart.c.obj
 .comment       0x00000043       0x44 CMakeFiles/CANLED1.dir/Core/Src/stm32f3xx_it.c.obj
 .comment       0x00000043       0x44 CMakeFiles/CANLED1.dir/Core/Src/stm32f3xx_hal_msp.c.obj
 .comment       0x00000043       0x44 CMakeFiles/CANLED1.dir/Drivers/STM32F3xx_HAL_Driver/Src/stm32f3xx_hal_can.c.obj
 .comment       0x00000043       0x44 CMakeFiles/CANLED1.dir/Drivers/STM32F3xx_HAL_Driver/Src/stm32f3xx_hal.c.obj
 .comment       0x00000043       0x44 CMakeFiles/CANLED1.dir/Drivers/STM32F3xx_HAL_Driver/Src/stm32f3xx_hal_rcc.c.obj
 .comment       0x00000043       0x44 CMakeFiles/CANLED1.dir/Drivers/STM32F3xx_HAL_Driver/Src/stm32f3xx_hal_rcc_ex.c.obj
 .comment       0x00000043       0x44 CMakeFiles/CANLED1.dir/Drivers/STM32F3xx_HAL_Driver/Src/stm32f3xx_hal_gpio.c.obj
 .comment       0x00000043       0x44 CMakeFiles/CANLED1.dir/Drivers/STM32F3xx_HAL_Driver/Src/stm32f3xx_hal_dma.c.obj
 .comment       0x00000043       0x44 CMakeFiles/CANLED1.dir/Drivers/STM32F3xx_HAL_Driver/Src/stm32f3xx_hal_cortex.c.obj
 .comment       0x00000043       0x44 CMakeFiles/CANLED1.dir/Drivers/STM32F3xx_HAL_Driver/Src/stm32f3xx_hal_tim.c.obj
 .comment       0x00000043       0x44 CMakeFiles/CANLED1.dir/Drivers/STM32F3xx_HAL_Driver/Src/stm32f3xx_hal_tim_ex.c.obj
 .comment       0x00000043       0x44 CMakeFiles/CANLED1.dir/Drivers/STM32F3xx_HAL_Driver/Src/stm32f3xx_hal_uart.c.obj
 .comment       0x00000043       0x44 CMakeFiles/CANLED1.dir/Core/Src/system_stm32f3xx.c.obj

.debug_frame    0x00000000       0x74
 .debug_frame   0x00000000       0x20 /opt/st/stm32cubeclt_1.15.1/GNU-tools-for-STM32/bin/../lib/gcc/arm-none-eabi/12.3.1/../../../../arm-none-eabi/lib/thumb/v7e-m+fp/hard/libc_nano.a(libc_a-memset.o)
 .debug_frame   0x00000020       0x2c /opt/st/stm32cubeclt_1.15.1/GNU-tools-for-STM32/bin/../lib/gcc/arm-none-eabi/12.3.1/../../../../arm-none-eabi/lib/thumb/v7e-m+fp/hard/libc_nano.a(libc_a-init.o)
 .debug_frame   0x0000004c       0x28 /opt/st/stm32cubeclt_1.15.1/GNU-tools-for-STM32/bin/../lib/gcc/arm-none-eabi/12.3.1/../../../../arm-none-eabi/lib/thumb/v7e-m+fp/hard/libc_nano.a(libc_a-memcpy-stub.o)
